Component: Arm Compiler for Embedded 6.19 Tool: armlink [5e73cb00]

==============================================================================

Section Cross References

    lib_convert.o(.text.Convert_Float_To_Bytes) refers to lib_convert.o(.bss.Convert_Float_To_Bytes.input) for Convert_Float_To_Bytes.input
    lib_convert.o(.ARM.exidx.text.Convert_Float_To_Bytes) refers to lib_convert.o(.text.Convert_Float_To_Bytes) for [Anonymous Symbol]
    lib_convert.o(.text.Convert_Uint16_To_Bytes) refers to lib_convert.o(.bss.Convert_Uint16_To_Bytes.input) for Convert_Uint16_To_Bytes.input
    lib_convert.o(.ARM.exidx.text.Convert_Uint16_To_Bytes) refers to lib_convert.o(.text.Convert_Uint16_To_Bytes) for [Anonymous Symbol]
    lib_convert.o(.ARM.exidx.text.Convert_Bytes_To_Float) refers to lib_convert.o(.text.Convert_Bytes_To_Float) for [Anonymous Symbol]
    lib_convert.o(.ARM.exidx.text.Convert_Bytes_To_Uint16) refers to lib_convert.o(.text.Convert_Bytes_To_Uint16) for [Anonymous Symbol]
    main.o(.text.main) refers to uart.o(.text.USART1_Init) for USART1_Init
    main.o(.text.main) refers to uart.o(.text.USART2_Init) for USART2_Init
    main.o(.text.main) refers to tim2.o(.text.Timer2_Init) for Timer2_Init
    main.o(.text.main) refers to bh1750.o(.text.BH1750_Init) for BH1750_Init
    main.o(.text.main) refers to bh1750.o(.text.BH1750_ReadLux) for BH1750_ReadLux
    main.o(.text.main) refers to lib_message.o(.text.Message_Create_Frame_Respond_LUX) for Message_Create_Frame_Respond_LUX
    main.o(.text.main) refers to uart.o(.text.USART1_Send_Data) for USART1_Send_Data
    main.o(.text.main) refers to tim2.o(.text.Delay_ms) for Delay_ms
    main.o(.ARM.exidx.text.main) refers to main.o(.text.main) for [Anonymous Symbol]
    main.o(.text.Init) refers to uart.o(.text.USART1_Init) for USART1_Init
    main.o(.text.Init) refers to uart.o(.text.USART2_Init) for USART2_Init
    main.o(.text.Init) refers to tim2.o(.text.Timer2_Init) for Timer2_Init
    main.o(.text.Init) refers to bh1750.o(.text.BH1750_Init) for BH1750_Init
    main.o(.ARM.exidx.text.Init) refers to main.o(.text.Init) for [Anonymous Symbol]
    main.o(.text.Loop) refers to bh1750.o(.text.BH1750_ReadLux) for BH1750_ReadLux
    main.o(.text.Loop) refers to lib_message.o(.text.Message_Create_Frame_Respond_LUX) for Message_Create_Frame_Respond_LUX
    main.o(.text.Loop) refers to uart.o(.text.USART1_Send_Data) for USART1_Send_Data
    main.o(.text.Loop) refers to tim2.o(.text.Delay_ms) for Delay_ms
    main.o(.ARM.exidx.text.Loop) refers to main.o(.text.Loop) for [Anonymous Symbol]
    main.o(.ARM.exidx.text.GPIOA_Init) refers to main.o(.text.GPIOA_Init) for [Anonymous Symbol]
    tim2.o(.ARM.exidx.text.Timer2_Init) refers to tim2.o(.text.Timer2_Init) for [Anonymous Symbol]
    tim2.o(.text.TIM2_IRQHandler) refers to tim2.o(.bss.counter_ms) for counter_ms
    tim2.o(.ARM.exidx.text.TIM2_IRQHandler) refers to tim2.o(.text.TIM2_IRQHandler) for [Anonymous Symbol]
    tim2.o(.text.millis) refers to tim2.o(.bss.counter_ms) for counter_ms
    tim2.o(.ARM.exidx.text.millis) refers to tim2.o(.text.millis) for [Anonymous Symbol]
    tim2.o(.text.Delay_ms) refers to tim2.o(.bss.counter_ms) for counter_ms
    tim2.o(.ARM.exidx.text.Delay_ms) refers to tim2.o(.text.Delay_ms) for [Anonymous Symbol]
    tim2.o(.ARM.exidx.text.Delay_us) refers to tim2.o(.text.Delay_us) for [Anonymous Symbol]
    uart.o(.text) refers (Special) to _printf_percent.o(.ARM.Collect$$_printf_percent$$00000000) for _printf_percent
    uart.o(.text) refers (Special) to _printf_pad.o(.text) for _printf_pre_padding
    uart.o(.text) refers (Special) to _printf_x.o(.ARM.Collect$$_printf_percent$$0000000C) for _printf_x
    uart.o(.text) refers (Special) to _printf_f.o(.ARM.Collect$$_printf_percent$$00000003) for _printf_f
    uart.o(.text) refers (Special) to _printf_hex_int.o(.text) for _printf_longlong_hex
    uart.o(.text) refers (Special) to printf1.o(x$fpl$printf1) for _printf_fp_dec
    uart.o(.text.USART1_Init) refers (Special) to _printf_percent.o(.ARM.Collect$$_printf_percent$$00000000) for _printf_percent
    uart.o(.text.USART1_Init) refers (Special) to _printf_pad.o(.text) for _printf_pre_padding
    uart.o(.text.USART1_Init) refers (Special) to _printf_x.o(.ARM.Collect$$_printf_percent$$0000000C) for _printf_x
    uart.o(.text.USART1_Init) refers (Special) to _printf_f.o(.ARM.Collect$$_printf_percent$$00000003) for _printf_f
    uart.o(.text.USART1_Init) refers (Special) to _printf_hex_int.o(.text) for _printf_longlong_hex
    uart.o(.text.USART1_Init) refers (Special) to printf1.o(x$fpl$printf1) for _printf_fp_dec
    uart.o(.ARM.exidx.text.USART1_Init) refers (Special) to _printf_percent.o(.ARM.Collect$$_printf_percent$$00000000) for _printf_percent
    uart.o(.ARM.exidx.text.USART1_Init) refers (Special) to _printf_pad.o(.text) for _printf_pre_padding
    uart.o(.ARM.exidx.text.USART1_Init) refers (Special) to _printf_x.o(.ARM.Collect$$_printf_percent$$0000000C) for _printf_x
[...]
    Removing stm32f10x_tim.o(.text.TIM_TIxExternalClockConfig), (280 bytes).
    Removing stm32f10x_tim.o(.ARM.exidx.text.TIM_TIxExternalClockConfig), (8 bytes).
    Removing stm32f10x_tim.o(.text.TIM_ETRClockMode1Config), (30 bytes).
    Removing stm32f10x_tim.o(.ARM.exidx.text.TIM_ETRClockMode1Config), (8 bytes).
    Removing stm32f10x_tim.o(.text.TIM_ETRConfig), (22 bytes).
    Removing stm32f10x_tim.o(.ARM.exidx.text.TIM_ETRConfig), (8 bytes).
    Removing stm32f10x_tim.o(.text.TIM_ETRClockMode2Config), (30 bytes).
    Removing stm32f10x_tim.o(.ARM.exidx.text.TIM_ETRClockMode2Config), (8 bytes).
    Removing stm32f10x_tim.o(.text.TIM_PrescalerConfig), (6 bytes).
    Removing stm32f10x_tim.o(.ARM.exidx.text.TIM_PrescalerConfig), (8 bytes).
    Removing stm32f10x_tim.o(.text.TIM_CounterModeConfig), (12 bytes).
    Removing stm32f10x_tim.o(.ARM.exidx.text.TIM_CounterModeConfig), (8 bytes).
    Removing stm32f10x_tim.o(.text.TIM_EncoderInterfaceConfig), (48 bytes).
    Removing stm32f10x_tim.o(.ARM.exidx.text.TIM_EncoderInterfaceConfig), (8 bytes).
    Removing stm32f10x_tim.o(.text.TIM_ForcedOC1Config), (12 bytes).
    Removing stm32f10x_tim.o(.ARM.exidx.text.TIM_ForcedOC1Config), (8 bytes).
    Removing stm32f10x_tim.o(.text.TIM_ForcedOC2Config), (14 bytes).
    Removing stm32f10x_tim.o(.ARM.exidx.text.TIM_ForcedOC2Config), (8 bytes).
    Removing stm32f10x_tim.o(.text.TIM_ForcedOC3Config), (12 bytes).
    Removing stm32f10x_tim.o(.ARM.exidx.text.TIM_ForcedOC3Config), (8 bytes).
    Removing stm32f10x_tim.o(.text.TIM_ForcedOC4Config), (14 bytes).
    Removing stm32f10x_tim.o(.ARM.exidx.text.TIM_ForcedOC4Config), (8 bytes).
    Removing stm32f10x_tim.o(.text.TIM_ARRPreloadConfig), (20 bytes).
    Removing stm32f10x_tim.o(.ARM.exidx.text.TIM_ARRPreloadConfig), (8 bytes).
    Removing stm32f10x_tim.o(.text.TIM_SelectCOM), (20 bytes).
    Removing stm32f10x_tim.o(.ARM.exidx.text.TIM_SelectCOM), (8 bytes).
    Removing stm32f10x_tim.o(.text.TIM_SelectCCDMA), (20 bytes).
    Removing stm32f10x_tim.o(.ARM.exidx.text.TIM_SelectCCDMA), (8 bytes).
    Removing stm32f10x_tim.o(.text.TIM_CCPreloadControl), (18 bytes).
    Removing stm32f10x_tim.o(.ARM.exidx.text.TIM_CCPreloadControl), (8 bytes).
    Removing stm32f10x_tim.o(.text.TIM_OC1PreloadConfig), (12 bytes).
    Removing stm32f10x_tim.o(.ARM.exidx.text.TIM_OC1PreloadConfig), (8 bytes).
    Removing stm32f10x_tim.o(.text.TIM_OC2PreloadConfig), (14 bytes).
    Removing stm32f10x_tim.o(.ARM.exidx.text.TIM_OC2PreloadConfig), (8 bytes).
    Removing stm32f10x_tim.o(.text.TIM_OC3PreloadConfig), (12 bytes).
    Removing stm32f10x_tim.o(.ARM.exidx.text.TIM_OC3PreloadConfig), (8 bytes).
    Removing stm32f10x_tim.o(.text.TIM_OC4PreloadConfig), (14 bytes).
    Removing stm32f10x_tim.o(.ARM.exidx.text.TIM_OC4PreloadConfig), (8 bytes).
    Removing stm32f10x_tim.o(.text.TIM_OC1FastConfig), (12 bytes).
    Removing stm32f10x_tim.o(.ARM.exidx.text.TIM_OC1FastConfig), (8 bytes).
    Removing stm32f10x_tim.o(.text.TIM_OC2FastConfig), (14 bytes).
    Removing stm32f10x_tim.o(.ARM.exidx.text.TIM_OC2FastConfig), (8 bytes).
    Removing stm32f10x_tim.o(.text.TIM_OC3FastConfig), (12 bytes).
    Removing stm32f10x_tim.o(.ARM.exidx.text.TIM_OC3FastConfig), (8 bytes).
    Removing stm32f10x_tim.o(.text.TIM_OC4FastConfig), (14 bytes).
    Removing stm32f10x_tim.o(.ARM.exidx.text.TIM_OC4FastConfig), (8 bytes).
    Removing stm32f10x_tim.o(.text.TIM_ClearOC1Ref), (12 bytes).
    Removing stm32f10x_tim.o(.ARM.exidx.text.TIM_ClearOC1Ref), (8 bytes).
    Removing stm32f10x_tim.o(.text.TIM_ClearOC2Ref), (14 bytes).
    Removing stm32f10x_tim.o(.ARM.exidx.text.TIM_ClearOC2Ref), (8 bytes).
    Removing stm32f10x_tim.o(.text.TIM_ClearOC3Ref), (12 bytes).
    Removing stm32f10x_tim.o(.ARM.exidx.text.TIM_ClearOC3Ref), (8 bytes).
    Removing stm32f10x_tim.o(.text.TIM_ClearOC4Ref), (14 bytes).
    Removing stm32f10x_tim.o(.ARM.exidx.text.TIM_ClearOC4Ref), (8 bytes).
    Removing stm32f10x_tim.o(.text.TIM_OC1PolarityConfig), (12 bytes).
    Removing stm32f10x_tim.o(.ARM.exidx.text.TIM_OC1PolarityConfig), (8 bytes).
    Removing stm32f10x_tim.o(.text.TIM_OC1NPolarityConfig), (12 bytes).
    Removing stm32f10x_tim.o(.ARM.exidx.text.TIM_OC1NPolarityConfig), (8 bytes).
    Removing stm32f10x_tim.o(.text.TIM_OC2PolarityConfig), (14 bytes).
    Removing stm32f10x_tim.o(.ARM.exidx.text.TIM_OC2PolarityConfig), (8 bytes).
    Removing stm32f10x_tim.o(.text.TIM_OC2NPolarityConfig), (14 bytes).
    Removing stm32f10x_tim.o(.ARM.exidx.text.TIM_OC2NPolarityConfig), (8 bytes).
    Removing stm32f10x_tim.o(.text.TIM_OC3PolarityConfig), (14 bytes).
    Removing stm32f10x_tim.o(.ARM.exidx.text.TIM_OC3PolarityConfig), (8 bytes).
    Removing stm32f10x_tim.o(.text.TIM_OC3NPolarityConfig), (14 bytes).
    Removing stm32f10x_tim.o(.ARM.exidx.text.TIM_OC3NPolarityConfig), (8 bytes).
    Removing stm32f10x_tim.o(.text.TIM_OC4PolarityConfig), (14 bytes).
    Removing stm32f10x_tim.o(.ARM.exidx.text.TIM_OC4PolarityConfig), (8 bytes).
    Removing stm32f10x_tim.o(.text.TIM_CCxCmd), (32 bytes).
    Removing stm32f10x_tim.o(.ARM.exidx.text.TIM_CCxCmd), (8 bytes).
    Removing stm32f10x_tim.o(.text.TIM_CCxNCmd), (32 bytes).
    Removing stm32f10x_tim.o(.ARM.exidx.text.TIM_CCxNCmd), (8 bytes).
    Removing stm32f10x_tim.o(.text.TIM_SelectOCxM), (82 bytes).
    Removing stm32f10x_tim.o(.ARM.exidx.text.TIM_SelectOCxM), (8 bytes).
    Removing stm32f10x_tim.o(.text.TIM_UpdateDisableConfig), (20 bytes).
    Removing stm32f10x_tim.o(.ARM.exidx.text.TIM_UpdateDisableConfig), (8 bytes).
    Removing stm32f10x_tim.o(.text.TIM_UpdateRequestConfig), (20 bytes).
    Removing stm32f10x_tim.o(.ARM.exidx.text.TIM_UpdateRequestConfig), (8 bytes).
    Removing stm32f10x_tim.o(.text.TIM_SelectHallSensor), (20 bytes).
    Removing stm32f10x_tim.o(.ARM.exidx.text.TIM_SelectHallSensor), (8 bytes).
    Removing stm32f10x_tim.o(.text.TIM_SelectOnePulseMode), (16 bytes).
    Removing stm32f10x_tim.o(.ARM.exidx.text.TIM_SelectOnePulseMode), (8 bytes).
    Removing stm32f10x_tim.o(.text.TIM_SelectOutputTrigger), (16 bytes).
    Removing stm32f10x_tim.o(.ARM.exidx.text.TIM_SelectOutputTrigger), (8 bytes).
    Removing stm32f10x_tim.o(.text.TIM_SelectSlaveMode), (16 bytes).
    Removing stm32f10x_tim.o(.ARM.exidx.text.TIM_SelectSlaveMode), (8 bytes).
    Removing stm32f10x_tim.o(.text.TIM_SelectMasterSlaveMode), (16 bytes).
    Removing stm32f10x_tim.o(.ARM.exidx.text.TIM_SelectMasterSlaveMode), (8 bytes).
    Removing stm32f10x_tim.o(.text.TIM_SetCounter), (4 bytes).
    Removing stm32f10x_tim.o(.ARM.exidx.text.TIM_SetCounter), (8 bytes).
    Removing stm32f10x_tim.o(.text.TIM_SetAutoreload), (4 bytes).
    Removing stm32f10x_tim.o(.ARM.exidx.text.TIM_SetAutoreload), (8 bytes).
    Removing stm32f10x_tim.o(.text.TIM_SetCompare1), (4 bytes).
    Removing stm32f10x_tim.o(.ARM.exidx.text.TIM_SetCompare1), (8 bytes).
    Removing stm32f10x_tim.o(.text.TIM_SetCompare2), (4 bytes).
    Removing stm32f10x_tim.o(.ARM.exidx.text.TIM_SetCompare2), (8 bytes).
    Removing stm32f10x_tim.o(.text.TIM_SetCompare3), (4 bytes).
    Removing stm32f10x_tim.o(.ARM.exidx.text.TIM_SetCompare3), (8 bytes).
    Removing stm32f10x_tim.o(.text.TIM_SetCompare4), (6 bytes).
    Removing stm32f10x_tim.o(.ARM.exidx.text.TIM_SetCompare4), (8 bytes).
    Removing stm32f10x_tim.o(.text.TIM_SetClockDivision), (16 bytes).
    Removing stm32f10x_tim.o(.ARM.exidx.text.TIM_SetClockDivision), (8 bytes).
    Removing stm32f10x_tim.o(.text.TIM_GetCapture1), (4 bytes).
    Removing stm32f10x_tim.o(.ARM.exidx.text.TIM_GetCapture1), (8 bytes).
    Removing stm32f10x_tim.o(.text.TIM_GetCapture2), (4 bytes).
    Removing stm32f10x_tim.o(.ARM.exidx.text.TIM_GetCapture2), (8 bytes).
    Removing stm32f10x_tim.o(.text.TIM_GetCapture3), (4 bytes).
    Removing stm32f10x_tim.o(.ARM.exidx.text.TIM_GetCapture3), (8 bytes).
    Removing stm32f10x_tim.o(.text.TIM_GetCapture4), (6 bytes).
    Removing stm32f10x_tim.o(.ARM.exidx.text.TIM_GetCapture4), (8 bytes).
    Removing stm32f10x_tim.o(.text.TIM_GetCounter), (4 bytes).
    Removing stm32f10x_tim.o(.ARM.exidx.text.TIM_GetCounter), (8 bytes).
    Removing stm32f10x_tim.o(.text.TIM_GetPrescaler), (4 bytes).
    Removing stm32f10x_tim.o(.ARM.exidx.text.TIM_GetPrescaler), (8 bytes).
    Removing stm32f10x_tim.o(.text.TIM_GetFlagStatus), (10 bytes).
    Removing stm32f10x_tim.o(.ARM.exidx.text.TIM_GetFlagStatus), (8 bytes).
    Removing stm32f10x_tim.o(.text.TIM_ClearFlag), (6 bytes).
    Removing stm32f10x_tim.o(.ARM.exidx.text.TIM_ClearFlag), (8 bytes).
    Removing stm32f10x_tim.o(.text.TIM_GetITStatus), (24 bytes).
    Removing stm32f10x_tim.o(.ARM.exidx.text.TIM_GetITStatus), (8 bytes).
    Removing stm32f10x_tim.o(.text.TIM_ClearITPendingBit), (6 bytes).
    Removing stm32f10x_tim.o(.ARM.exidx.text.TIM_ClearITPendingBit), (8 bytes).
    Removing stm32f10x_usart.o(.text), (0 bytes).
    Removing stm32f10x_usart.o(.text.USART_DeInit), (174 bytes).
    Removing stm32f10x_usart.o(.ARM.exidx.text.USART_DeInit), (8 bytes).
    Removing stm32f10x_usart.o(.text.USART_Init), (182 bytes).
    Removing stm32f10x_usart.o(.ARM.exidx.text.USART_Init), (8 bytes).
    Removing stm32f10x_usart.o(.text.USART_StructInit), (18 bytes).
    Removing stm32f10x_usart.o(.ARM.exidx.text.USART_StructInit), (8 bytes).
    Removing stm32f10x_usart.o(.text.USART_ClockInit), (34 bytes).
    Removing stm32f10x_usart.o(.ARM.exidx.text.USART_ClockInit), (8 bytes).
    Removing stm32f10x_usart.o(.text.USART_ClockStructInit), (8 bytes).
    Removing stm32f10x_usart.o(.ARM.exidx.text.USART_ClockStructInit), (8 bytes).
    Removing stm32f10x_usart.o(.text.USART_Cmd), (20 bytes).
    Removing stm32f10x_usart.o(.ARM.exidx.text.USART_Cmd), (8 bytes).
    Removing stm32f10x_usart.o(.text.USART_ITConfig), (46 bytes).
    Removing stm32f10x_usart.o(.ARM.exidx.text.USART_ITConfig), (8 bytes).
    Removing stm32f10x_usart.o(.text.USART_DMACmd), (16 bytes).
    Removing stm32f10x_usart.o(.ARM.exidx.text.USART_DMACmd), (8 bytes).
    Removing stm32f10x_usart.o(.text.USART_SetAddress), (16 bytes).
    Removing stm32f10x_usart.o(.ARM.exidx.text.USART_SetAddress), (8 bytes).
    Removing stm32f10x_usart.o(.text.USART_WakeUpConfig), (16 bytes).
    Removing stm32f10x_usart.o(.ARM.exidx.text.USART_WakeUpConfig), (8 bytes).
    Removing stm32f10x_usart.o(.text.USART_ReceiverWakeUpCmd), (20 bytes).
    Removing stm32f10x_usart.o(.ARM.exidx.text.USART_ReceiverWakeUpCmd), (8 bytes).
    Removing stm32f10x_usart.o(.text.USART_LINBreakDetectLengthConfig), (16 bytes).
    Removing stm32f10x_usart.o(.ARM.exidx.text.USART_LINBreakDetectLengthConfig), (8 bytes).
    Removing stm32f10x_usart.o(.text.USART_LINCmd), (20 bytes).
    Removing stm32f10x_usart.o(.ARM.exidx.text.USART_LINCmd), (8 bytes).
    Removing stm32f10x_usart.o(.text.USART_SendData), (8 bytes).
    Removing stm32f10x_usart.o(.ARM.exidx.text.USART_SendData), (8 bytes).
    Removing stm32f10x_usart.o(.text.USART_ReceiveData), (8 bytes).
    Removing stm32f10x_usart.o(.ARM.exidx.text.USART_ReceiveData), (8 bytes).
    Removing stm32f10x_usart.o(.text.USART_SendBreak), (10 bytes).
    Removing stm32f10x_usart.o(.ARM.exidx.text.USART_SendBreak), (8 bytes).
    Removing stm32f10x_usart.o(.text.USART_SetGuardTime), (16 bytes).
    Removing stm32f10x_usart.o(.ARM.exidx.text.USART_SetGuardTime), (8 bytes).
    Removing stm32f10x_usart.o(.text.USART_SetPrescaler), (16 bytes).
    Removing stm32f10x_usart.o(.ARM.exidx.text.USART_SetPrescaler), (8 bytes).
    Removing stm32f10x_usart.o(.text.USART_SmartCardCmd), (20 bytes).
    Removing stm32f10x_usart.o(.ARM.exidx.text.USART_SmartCardCmd), (8 bytes).
    Removing stm32f10x_usart.o(.text.USART_SmartCardNACKCmd), (20 bytes).
    Removing stm32f10x_usart.o(.ARM.exidx.text.USART_SmartCardNACKCmd), (8 bytes).
    Removing stm32f10x_usart.o(.text.USART_HalfDuplexCmd), (20 bytes).
    Removing stm32f10x_usart.o(.ARM.exidx.text.USART_HalfDuplexCmd), (8 bytes).
    Removing stm32f10x_usart.o(.text.USART_OverSampling8Cmd), (20 bytes).
    Removing stm32f10x_usart.o(.ARM.exidx.text.USART_OverSampling8Cmd), (8 bytes).
    Removing stm32f10x_usart.o(.text.USART_OneBitMethodCmd), (20 bytes).
    Removing stm32f10x_usart.o(.ARM.exidx.text.USART_OneBitMethodCmd), (8 bytes).
    Removing stm32f10x_usart.o(.text.USART_IrDAConfig), (16 bytes).
    Removing stm32f10x_usart.o(.ARM.exidx.text.USART_IrDAConfig), (8 bytes).
    Removing stm32f10x_usart.o(.text.USART_IrDACmd), (20 bytes).
    Removing stm32f10x_usart.o(.ARM.exidx.text.USART_IrDACmd), (8 bytes).
    Removing stm32f10x_usart.o(.text.USART_GetFlagStatus), (10 bytes).
    Removing stm32f10x_usart.o(.ARM.exidx.text.USART_GetFlagStatus), (8 bytes).
    Removing stm32f10x_usart.o(.text.USART_ClearFlag), (6 bytes).
    Removing stm32f10x_usart.o(.ARM.exidx.text.USART_ClearFlag), (8 bytes).
    Removing stm32f10x_usart.o(.text.USART_GetITStatus), (48 bytes).
    Removing stm32f10x_usart.o(.ARM.exidx.text.USART_GetITStatus), (8 bytes).
    Removing stm32f10x_usart.o(.text.USART_ClearITPendingBit), (14 bytes).
    Removing stm32f10x_usart.o(.ARM.exidx.text.USART_ClearITPendingBit), (8 bytes).
    Removing gpio_stm32f10x.o(.text), (0 bytes).
    Removing gpio_stm32f10x.o(.text.GPIO_PortClock), (170 bytes).
    Removing gpio_stm32f10x.o(.ARM.exidx.text.GPIO_PortClock), (8 bytes).
    Removing gpio_stm32f10x.o(.text.GPIO_GetPortClockState), (50 bytes).
    Removing gpio_stm32f10x.o(.ARM.exidx.text.GPIO_GetPortClockState), (8 bytes).
    Removing gpio_stm32f10x.o(.text.GPIO_PinConfigure), (176 bytes).
    Removing gpio_stm32f10x.o(.ARM.exidx.text.GPIO_PinConfigure), (8 bytes).
    Removing gpio_stm32f10x.o(.text.GPIO_AFConfigure), (132 bytes).
    Removing gpio_stm32f10x.o(.ARM.exidx.text.GPIO_AFConfigure), (8 bytes).
    Removing gpio_stm32f10x.o(.rodata..Lswitch.table.GPIO_PinConfigure.1), (28 bytes).
    Removing system_stm32f10x.o(.text), (0 bytes).
    Removing system_stm32f10x.o(.ARM.exidx.text.SystemInit), (8 bytes).
    Removing system_stm32f10x.o(.text.SystemCoreClockUpdate), (110 bytes).
    Removing system_stm32f10x.o(.ARM.exidx.text.SystemCoreClockUpdate), (8 bytes).
    Removing system_stm32f10x.o(.data.SystemCoreClock), (4 bytes).
    Removing system_stm32f10x.o(.rodata.AHBPrescTable), (16 bytes).

496 unused section(s) (total 10494 bytes) removed from the image.

==============================================================================

Image Symbol Table

    Local Symbols

    Symbol Name                              Value     Ov Type        Size  Object(Section)

    ../clib/angel/boardlib.s                 0x00000000   Number         0  boardinit1.o ABSOLUTE
    ../clib/angel/boardlib.s                 0x00000000   Number         0  boardinit2.o ABSOLUTE
    ../clib/angel/boardlib.s                 0x00000000   Number         0  boardinit3.o ABSOLUTE
    ../clib/angel/boardlib.s                 0x00000000   Number         0  boardshut.o ABSOLUTE
    ../clib/angel/handlers.s                 0x00000000   Number         0  __scatter_zi.o ABSOLUTE
    ../clib/angel/kernel.s                   0x00000000   Number         0  __rtentry.o ABSOLUTE
    ../clib/angel/kernel.s                   0x00000000   Number         0  __rtentry2.o ABSOLUTE
    ../clib/angel/kernel.s                   0x00000000   Number         0  __rtentry4.o ABSOLUTE
    ../clib/angel/kernel.s                   0x00000000   Number         0  rtexit.o ABSOLUTE
    ../clib/angel/kernel.s                   0x00000000   Number         0  rtexit2.o ABSOLUTE
    ../clib/angel/rt.s                       0x00000000   Number         0  rt_locale.o ABSOLUTE
    ../clib/angel/rt.s                       0x00000000   Number         0  rt_locale_intlibspace.o ABSOLUTE
    ../clib/angel/rt.s                       0x00000000   Number         0  rt_raise.o ABSOLUTE
    ../clib/angel/scatter.s                  0x00000000   Number         0  __scatter.o ABSOLUTE
    ../clib/angel/startup.s                  0x00000000   Number         0  __main.o ABSOLUTE
    ../clib/angel/sys.s                      0x00000000   Number         0  libspace.o ABSOLUTE
    ../clib/angel/sys.s                      0x00000000   Number         0  sys_stackheap_outer.o ABSOLUTE
    ../clib/angel/sys.s                      0x00000000   Number         0  use_no_semi.o ABSOLUTE
    ../clib/angel/sys.s                      0x00000000   Number         0  indicate_semi.o ABSOLUTE
    ../clib/angel/sysapp.c                   0x00000000   Number         0  sys_command.o ABSOLUTE
    ../clib/angel/sysapp.c                   0x00000000   Number         0  sys_exit.o ABSOLUTE
    ../clib/angel/sysapp.c                   0x00000000   Number         0  sys_command_hlt.o ABSOLUTE
    ../clib/angel/sysapp.c                   0x00000000   Number         0  sys_exit_hlt.o ABSOLUTE
    ../clib/angel/sysapp.c                   0x00000000   Number         0  sys_wrch.o ABSOLUTE
    ../clib/angel/sysapp.c                   0x00000000   Number         0  sys_wrch_hlt.o ABSOLUTE
    ../clib/armsys.c                         0x00000000   Number         0  argv_veneer.o ABSOLUTE
    ../clib/armsys.c                         0x00000000   Number         0  argv_veneer.o ABSOLUTE
    ../clib/armsys.c                         0x00000000   Number         0  _get_argv_nomalloc.o ABSOLUTE
    ../clib/armsys.c                         0x00000000   Number         0  no_argv.o ABSOLUTE
    ../clib/bigflt.c                         0x00000000   Number         0  bigflt0.o ABSOLUTE
    ../clib/btod.s                           0x00000000   Number         0  btod.o ABSOLUTE
    ../clib/btod_accurate.c                  0x00000000   Number         0  btod_accurate.o ABSOLUTE
    ../clib/btod_accurate.c                  0x00000000   Number         0  btod_accurate_common.o ABSOLUTE
    ../clib/heapalloc.c                      0x00000000   Number         0  hrguard.o ABSOLUTE
    ../clib/heapaux.c                        0x00000000   Number         0  heapauxi.o ABSOLUTE
    ../clib/libinit.s                        0x00000000   Number         0  libinit.o ABSOLUTE
    ../clib/libinit.s                        0x00000000   Number         0  libinit2.o ABSOLUTE
    ../clib/libinit.s                        0x00000000   Number         0  libshutdown.o ABSOLUTE
    ../clib/libinit.s                        0x00000000   Number         0  libshutdown2.o ABSOLUTE
    ../clib/locale.s                         0x00000000   Number         0  lc_numeric_c.o ABSOLUTE
    ../clib/longlong.s                       0x00000000   Number         0  lludiv10.o ABSOLUTE
    ../clib/longlong.s                       0x00000000   Number         0  llushr.o ABSOLUTE
    ../clib/memcpset.s                       0x00000000   Number         0  strcmpv7m.o ABSOLUTE
    ../clib/misc.s                           0x00000000   Number         0  printf_stubs.o ABSOLUTE
    ../clib/printf.c                         0x00000000   Number         0  __2snprintf.o ABSOLUTE
    ../clib/printf.c                         0x00000000   Number         0  noretval__2snprintf.o ABSOLUTE
    ../clib/printf.c                         0x00000000   Number         0  __printf.o ABSOLUTE
    ../clib/printf.c                         0x00000000   Number         0  _printf_pad.o ABSOLUTE
    ../clib/printf.c                         0x00000000   Number         0  _printf_hex_ll.o ABSOLUTE
    ../clib/printf.c                         0x00000000   Number         0  _printf_hex_int.o ABSOLUTE
    ../clib/printf.c                         0x00000000   Number         0  _printf_hex_int_ll.o ABSOLUTE
    ../clib/printf.c                         0x00000000   Number         0  _printf_hex_ptr.o ABSOLUTE
    ../clib/printf.c                         0x00000000   Number         0  _printf_hex_int_ptr.o ABSOLUTE
    ../clib/printf.c                         0x00000000   Number         0  _printf_hex_ll_ptr.o ABSOLUTE
    ../clib/printf.c                         0x00000000   Number         0  _printf_hex_int_ll_ptr.o ABSOLUTE
    ../clib/printf.c                         0x00000000   Number         0  __printf_flags.o ABSOLUTE
    ../clib/printf.c                         0x00000000   Number         0  __printf_ss.o ABSOLUTE
    ../clib/printf.c                         0x00000000   Number         0  __printf_flags_ss.o ABSOLUTE
    ../clib/printf.c                         0x00000000   Number         0  __printf_wp.o ABSOLUTE
    ../clib/printf.c                         0x00000000   Number         0  __printf_flags_wp.o ABSOLUTE
    ../clib/printf.c                         0x00000000   Number         0  __printf_ss_wp.o ABSOLUTE
    ../clib/printf.c                         0x00000000   Number         0  __printf_flags_ss_wp.o ABSOLUTE
    ../clib/printf.c                         0x00000000   Number         0  _printf_intcommon.o ABSOLUTE
    ../clib/printf.c                         0x00000000   Number         0  _printf_fp_dec.o ABSOLUTE
    ../clib/printf.c                         0x00000000   Number         0  _printf_fp_dec_accurate.o ABSOLUTE
    ../clib/printf.c                         0x00000000   Number         0  _printf_char_common.o ABSOLUTE
    ../clib/printf.c                         0x00000000   Number         0  _snputc.o ABSOLUTE
    ../clib/printf.c                         0x00000000   Number         0  _printf_fp_infnan.o ABSOLUTE
    ../clib/printf.c                         0x00000000   Number         0  __printf_nopercent.o ABSOLUTE
    ../clib/printf_percent.s                 0x00000000   Number         0  _printf_x.o ABSOLUTE
    ../clib/printf_percent.s                 0x00000000   Number         0  _printf_f.o ABSOLUTE
    ../clib/printf_percent.s                 0x00000000   Number         0  _printf_percent.o ABSOLUTE
    ../clib/printf_percent.s                 0x00000000   Number         0  _printf_percent_end.o ABSOLUTE
    ../clib/signal.c                         0x00000000   Number         0  defsig_rtmem_outer.o ABSOLUTE
    ../clib/signal.c                         0x00000000   Number         0  defsig_rtmem_formal.o ABSOLUTE
    ../clib/signal.c                         0x00000000   Number         0  defsig_exit.o ABSOLUTE
    ../clib/signal.c                         0x00000000   Number         0  defsig_rtmem_inner.o ABSOLUTE
    ../clib/signal.c                         0x00000000   Number         0  __raise.o ABSOLUTE
    ../clib/signal.c                         0x00000000   Number         0  defsig_general.o ABSOLUTE
    ../clib/signal.c                         0x00000000   Number         0  defsig_abrt_inner.o ABSOLUTE
    ../clib/signal.c                         0x00000000   Number         0  defsig_fpe_inner.o ABSOLUTE
    ../clib/signal.c                         0x00000000   Number         0  defsig_rtred_inner.o ABSOLUTE
    ../clib/signal.c                         0x00000000   Number         0  defsig_stak_inner.o ABSOLUTE
    ../clib/signal.c                         0x00000000   Number         0  defsig_pvfn_inner.o ABSOLUTE
    ../clib/signal.c                         0x00000000   Number         0  defsig_cppl_inner.o ABSOLUTE
    ../clib/signal.c                         0x00000000   Number         0  defsig_segv_inner.o ABSOLUTE
    ../clib/signal.c                         0x00000000   Number         0  defsig_other.o ABSOLUTE
    ../clib/signal.s                         0x00000000   Number         0  defsig.o ABSOLUTE
    ../clib/stdlib.c                         0x00000000   Number         0  exit.o ABSOLUTE
    ../fplib/d2f.s                           0x00000000   Number         0  d2f.o ABSOLUTE
    ../fplib/daddsub.s                       0x00000000   Number         0  daddsub_clz.o ABSOLUTE
    ../fplib/ddiv.s                          0x00000000   Number         0  ddiv.o ABSOLUTE
    ../fplib/dflt.s                          0x00000000   Number         0  dflt_clz.o ABSOLUTE
    ../fplib/dnaninf.s                       0x00000000   Number         0  dnaninf.o ABSOLUTE
    ../fplib/dretinf.s                       0x00000000   Number         0  dretinf.o ABSOLUTE
    ../fplib/f2d.s                           0x00000000   Number         0  f2d.o ABSOLUTE
    ../fplib/fnaninf.s                       0x00000000   Number         0  fnaninf.o ABSOLUTE
    ../fplib/fpinit.s                        0x00000000   Number         0  fpinit.o ABSOLUTE
    ../fplib/fpinit_empty.s                  0x00000000   Number         0  fpinit_empty.o ABSOLUTE
    ../fplib/fretinf.s                       0x00000000   Number         0  fretinf.o ABSOLUTE
    ../fplib/istatus.s                       0x00000000   Number         0  istatus.o ABSOLUTE
    ../fplib/printf1.s                       0x00000000   Number         0  printf1.o ABSOLUTE
    ../fplib/usenofp.s                       0x00000000   Number         0  usenofp.o ABSOLUTE
    ../mathlib/fpclassify.c                  0x00000000   Number         0  fpclassify.o ABSOLUTE
    GPIO_STM32F10x.c                         0x00000000   Number         0  gpio_stm32f10x.o ABSOLUTE
    RTE/Device/STM32F103C8/startup_stm32f10x_md.s 0x00000000   Number         0  startup_stm32f10x_md.o ABSOLUTE
    app_i2c.c                                0x00000000   Number         0  app_i2c.o ABSOLUTE
    bh1750.c                                 0x00000000   Number         0  bh1750.o ABSOLUTE
    dc.s                                     0x00000000   Number         0  dc.o ABSOLUTE
    lib_convert.c                            0x00000000   Number         0  lib_convert.o ABSOLUTE
    lib_message.c                            0x00000000   Number         0  lib_message.o ABSOLUTE
    main.c                                   0x00000000   Number         0  main.o ABSOLUTE
    misc.c                                   0x00000000   Number         0  misc.o ABSOLUTE
    stm32f10x_exti.c                         0x00000000   Number         0  stm32f10x_exti.o ABSOLUTE
    stm32f10x_gpio.c                         0x00000000   Number         0  stm32f10x_gpio.o ABSOLUTE
    stm32f10x_i2c.c                          0x00000000   Number         0  stm32f10x_i2c.o ABSOLUTE
    stm32f10x_rcc.c                          0x00000000   Number         0  stm32f10x_rcc.o ABSOLUTE
    stm32f10x_tim.c                          0x00000000   Number         0  stm32f10x_tim.o ABSOLUTE
    stm32f10x_usart.c                        0x00000000   Number         0  stm32f10x_usart.o ABSOLUTE
    system_stm32f10x.c                       0x00000000   Number         0  system_stm32f10x.o ABSOLUTE
    tim2.c                                   0x00000000   Number         0  tim2.o ABSOLUTE
    uart.c                                   0x00000000   Number         0  uart.o ABSOLUTE
    RESET                                    0x08000000   Section      236  startup_stm32f10x_md.o(RESET)
    !!!main                                  0x080000ec   Section        8  __main.o(!!!main)
    !!!scatter                               0x080000f4   Section       52  __scatter.o(!!!scatter)
    !!handler_zi                             0x08000128   Section       28  __scatter_zi.o(!!handler_zi)
    .ARM.Collect$$_printf_percent$$00000000  0x08000144   Section        0  _printf_percent.o(.ARM.Collect$$_printf_percent$$00000000)
    .ARM.Collect$$_printf_percent$$00000003  0x08000144   Section        6  _printf_f.o(.ARM.Collect$$_printf_percent$$00000003)
    .ARM.Collect$$_printf_percent$$0000000C  0x0800014a   Section        6  _printf_x.o(.ARM.Collect$$_printf_percent$$0000000C)
    .ARM.Collect$$_printf_percent$$00000017  0x08000150   Section        4  _printf_percent_end.o(.ARM.Collect$$_printf_percent$$00000017)
    .ARM.Collect$$libinit$$00000000          0x08000154   Section        2  libinit.o(.ARM.Collect$$libinit$$00000000)
    .ARM.Collect$$libinit$$00000002          0x08000156   Section        0  libinit2.o(.ARM.Collect$$libinit$$00000002)
    .ARM.Collect$$libinit$$00000004          0x08000156   Section        0  libinit2.o(.ARM.Collect$$libinit$$00000004)
    .ARM.Collect$$libinit$$00000006          0x08000156   Section        0  libinit2.o(.ARM.Collect$$libinit$$00000006)
    .ARM.Collect$$libinit$$0000000C          0x08000156   Section        0  libinit2.o(.ARM.Collect$$libinit$$0000000C)
    .ARM.Collect$$libinit$$0000000E          0x08000156   Section        0  libinit2.o(.ARM.Collect$$libinit$$0000000E)
    .ARM.Collect$$libinit$$00000010          0x08000156   Section        0  libinit2.o(.ARM.Collect$$libinit$$00000010)
    .ARM.Collect$$libinit$$00000011          0x08000156   Section        6  libinit2.o(.ARM.Collect$$libinit$$00000011)
    .ARM.Collect$$libinit$$00000013          0x0800015c   Section        0  libinit2.o(.ARM.Collect$$libinit$$00000013)
    .ARM.Collect$$libinit$$00000015          0x0800015c   Section        0  libinit2.o(.ARM.Collect$$libinit$$00000015)
    .ARM.Collect$$libinit$$00000017          0x0800015c   Section        0  libinit2.o(.ARM.Collect$$libinit$$00000017)
    .ARM.Collect$$libinit$$00000018          0x0800015c   Section       10  libinit2.o(.ARM.Collect$$libinit$$00000018)
    .ARM.Collect$$libinit$$00000019          0x08000166   Section        0  libinit2.o(.ARM.Collect$$libinit$$00000019)
    .ARM.Collect$$libinit$$0000001B          0x08000166   Section        0  libinit2.o(.ARM.Collect$$libinit$$0000001B)
    .ARM.Collect$$libinit$$0000001D          0x08000166   Section        0  libinit2.o(.ARM.Collect$$libinit$$0000001D)
    .ARM.Collect$$libinit$$0000001F          0x08000166   Section        0  libinit2.o(.ARM.Collect$$libinit$$0000001F)
    .ARM.Collect$$libinit$$00000021          0x08000166   Section        0  libinit2.o(.ARM.Collect$$libinit$$00000021)
    .ARM.Collect$$libinit$$00000023          0x08000166   Section        0  libinit2.o(.ARM.Collect$$libinit$$00000023)
    .ARM.Collect$$libinit$$00000025          0x08000166   Section        0  libinit2.o(.ARM.Collect$$libinit$$00000025)
    .ARM.Collect$$libinit$$00000027          0x08000166   Section        0  libinit2.o(.ARM.Collect$$libinit$$00000027)
    .ARM.Collect$$libinit$$0000002E          0x08000166   Section        0  libinit2.o(.ARM.Collect$$libinit$$0000002E)
    .ARM.Collect$$libinit$$00000030          0x08000166   Section        0  libinit2.o(.ARM.Collect$$libinit$$00000030)
    .ARM.Collect$$libinit$$00000032          0x08000166   Section        0  libinit2.o(.ARM.Collect$$libinit$$00000032)
    .ARM.Collect$$libinit$$00000034          0x08000166   Section        0  libinit2.o(.ARM.Collect$$libinit$$00000034)
    .ARM.Collect$$libinit$$00000035          0x08000166   Section        2  libinit2.o(.ARM.Collect$$libinit$$00000035)
    .ARM.Collect$$libshutdown$$00000000      0x08000168   Section        2  libshutdown.o(.ARM.Collect$$libshutdown$$00000000)
    .ARM.Collect$$libshutdown$$00000002      0x0800016a   Section        0  libshutdown2.o(.ARM.Collect$$libshutdown$$00000002)
    .ARM.Collect$$libshutdown$$00000004      0x0800016a   Section        0  libshutdown2.o(.ARM.Collect$$libshutdown$$00000004)
    .ARM.Collect$$libshutdown$$00000007      0x0800016a   Section        0  libshutdown2.o(.ARM.Collect$$libshutdown$$00000007)
    .ARM.Collect$$libshutdown$$0000000A      0x0800016a   Section        0  libshutdown2.o(.ARM.Collect$$libshutdown$$0000000A)
    .ARM.Collect$$libshutdown$$0000000C      0x0800016a   Section        0  libshutdown2.o(.ARM.Collect$$libshutdown$$0000000C)
    .ARM.Collect$$libshutdown$$0000000F      0x0800016a   Section        0  libshutdown2.o(.ARM.Collect$$libshutdown$$0000000F)
    .ARM.Collect$$libshutdown$$00000010      0x0800016a   Section        2  libshutdown2.o(.ARM.Collect$$libshutdown$$00000010)
    .ARM.Collect$$rtentry$$00000000          0x0800016c   Section        0  __rtentry.o(.ARM.Collect$$rtentry$$00000000)
    .ARM.Collect$$rtentry$$00000002          0x0800016c   Section        0  __rtentry2.o(.ARM.Collect$$rtentry$$00000002)
    .ARM.Collect$$rtentry$$00000004          0x0800016c   Section        6  __rtentry4.o(.ARM.Collect$$rtentry$$00000004)
    .ARM.Collect$$rtentry$$00000009          0x08000172   Section        0  __rtentry2.o(.ARM.Collect$$rtentry$$00000009)
    .ARM.Collect$$rtentry$$0000000A          0x08000172   Section        4  __rtentry2.o(.ARM.Collect$$rtentry$$0000000A)
    .ARM.Collect$$rtentry$$0000000C          0x08000176   Section        0  __rtentry2.o(.ARM.Collect$$rtentry$$0000000C)
    .ARM.Collect$$rtentry$$0000000D          0x08000176   Section        8  __rtentry2.o(.ARM.Collect$$rtentry$$0000000D)
    .ARM.Collect$$rtexit$$00000000           0x0800017e   Section        2  rtexit.o(.ARM.Collect$$rtexit$$00000000)
    .ARM.Collect$$rtexit$$00000002           0x08000180   Section        0  rtexit2.o(.ARM.Collect$$rtexit$$00000002)
    .ARM.Collect$$rtexit$$00000003           0x08000180   Section        4  rtexit2.o(.ARM.Collect$$rtexit$$00000003)
    .ARM.Collect$$rtexit$$00000004           0x08000184   Section        6  rtexit2.o(.ARM.Collect$$rtexit$$00000004)
    .text                                    0x0800018c   Section       64  startup_stm32f10x_md.o(.text)
    .text                                    0x080001cc   Section        0  noretval__2snprintf.o(.text)
    .text                                    0x0800020c   Section        0  _printf_pad.o(.text)
    .text                                    0x0800025c   Section        0  _printf_hex_int.o(.text)
    .text                                    0x080002b4   Section        0  __printf_flags_wp.o(.text)
    .text                                    0x080003ec   Section        0  heapauxi.o(.text)
    .text                                    0x080003f2   Section        0  _printf_intcommon.o(.text)
    _fp_digits                               0x080004a5   Thumb Code   432  _printf_fp_dec.o(.text)
    .text                                    0x080004a4   Section        0  _printf_fp_dec.o(.text)
    _printf_input_char                       0x080008c1   Thumb Code    10  _printf_char_common.o(.text)
    .text                                    0x080008c0   Section        0  _printf_char_common.o(.text)
    .text                                    0x080008f0   Section        0  _snputc.o(.text)
    .text                                    0x08000900   Section        8  rt_locale_intlibspace.o(.text)
    .text                                    0x08000908   Section      138  lludiv10.o(.text)
    .text                                    0x08000994   Section        0  _printf_fp_infnan.o(.text)
    .text                                    0x08000a14   Section        0  bigflt0.o(.text)
    .text                                    0x08000af8   Section        8  libspace.o(.text)
    .text                                    0x08000b00   Section       74  sys_stackheap_outer.o(.text)
    .text                                    0x08000b4a   Section        0  exit.o(.text)
    .text                                    0x08000b5c   Section      128  strcmpv7m.o(.text)
    .text                                    0x08000bdc   Section        0  sys_exit.o(.text)
    .text                                    0x08000be8   Section        2  use_no_semi.o(.text)
    .text                                    0x08000bea   Section        0  indicate_semi.o(.text)
    [Anonymous Symbol]                       0x08000bec   Section        0  bh1750.o(.text.BH1750_Init)
    [Anonymous Symbol]                       0x08000c00   Section        0  bh1750.o(.text.BH1750_ReadLux)
    [Anonymous Symbol]                       0x08000c34   Section        0  lib_convert.o(.text.Convert_Float_To_Bytes)
    [Anonymous Symbol]                       0x08000c44   Section        0  tim2.o(.text.Delay_ms)
    [Anonymous Symbol]                       0x08000c5c   Section        0  stm32f10x_gpio.o(.text.GPIO_Init)
    [Anonymous Symbol]                       0x08000d1c   Section        0  app_i2c.o(.text.I2C1_config)
    [Anonymous Symbol]                       0x08000d80   Section        0  app_i2c.o(.text.I2C1_read_buf)
    [Anonymous Symbol]                       0x08000efc   Section        0  app_i2c.o(.text.I2C1_write)
    [Anonymous Symbol]                       0x08000fd4   Section        0  stm32f10x_i2c.o(.text.I2C_AcknowledgeConfig)
    [Anonymous Symbol]                       0x08000fe8   Section        0  stm32f10x_i2c.o(.text.I2C_CheckEvent)
    [Anonymous Symbol]                       0x08001000   Section        0  stm32f10x_i2c.o(.text.I2C_Cmd)
    [Anonymous Symbol]                       0x08001014   Section        0  stm32f10x_i2c.o(.text.I2C_GenerateSTART)
    [Anonymous Symbol]                       0x08001028   Section        0  stm32f10x_i2c.o(.text.I2C_GenerateSTOP)
    [Anonymous Symbol]                       0x0800103c   Section        0  stm32f10x_i2c.o(.text.I2C_GetFlagStatus)
    [Anonymous Symbol]                       0x0800106c   Section        0  stm32f10x_i2c.o(.text.I2C_Init)
    [Anonymous Symbol]                       0x08001138   Section        0  stm32f10x_i2c.o(.text.I2C_NACKPositionConfig)
    [Anonymous Symbol]                       0x08001150   Section        0  stm32f10x_i2c.o(.text.I2C_Send7bitAddress)
    [Anonymous Symbol]                       0x08001160   Section        0  stm32f10x_i2c.o(.text.I2C_SendData)
    [Anonymous Symbol]                       0x08001164   Section        0  lib_message.o(.text.Message_Create_Frame_Respond_LUX)
    [Anonymous Symbol]                       0x080011d0   Section        0  stm32f10x_rcc.o(.text.RCC_APB1PeriphClockCmd)
    [Anonymous Symbol]                       0x080011e8   Section        0  stm32f10x_rcc.o(.text.RCC_APB2PeriphClockCmd)
    [Anonymous Symbol]                       0x08001200   Section        0  stm32f10x_rcc.o(.text.RCC_GetClocksFreq)
    [Anonymous Symbol]                       0x080012a0   Section        0  system_stm32f10x.o(.text.SystemInit)
    [Anonymous Symbol]                       0x080013b0   Section        0  tim2.o(.text.TIM2_IRQHandler)
    [Anonymous Symbol]                       0x080013d8   Section        0  tim2.o(.text.Timer2_Init)
    [Anonymous Symbol]                       0x08001424   Section        0  uart.o(.text.USART1_IRQHandler)
    [Anonymous Symbol]                       0x08001638   Section        0  uart.o(.text.USART1_Init)
    [Anonymous Symbol]                       0x080016a4   Section        0  uart.o(.text.USART1_Send_Data)
    [Anonymous Symbol]                       0x080016d0   Section        0  uart.o(.text.USART2_Init)
    [Anonymous Symbol]                       0x08001734   Section        0  main.o(.text.main)
    CL$$btod_d2e                             0x080017a0   Section       62  btod.o(CL$$btod_d2e)
    CL$$btod_d2e_denorm_low                  0x080017de   Section       70  btod.o(CL$$btod_d2e_denorm_low)
    CL$$btod_d2e_norm_op1                    0x08001824   Section       96  btod.o(CL$$btod_d2e_norm_op1)
    CL$$btod_div_common                      0x08001884   Section      824  btod.o(CL$$btod_div_common)
    CL$$btod_e2e                             0x08001bbc   Section      220  btod.o(CL$$btod_e2e)
    CL$$btod_ediv                            0x08001c98   Section       42  btod.o(CL$$btod_ediv)
    CL$$btod_emul                            0x08001cc2   Section       42  btod.o(CL$$btod_emul)
    CL$$btod_mult_common                     0x08001cec   Section      580  btod.o(CL$$btod_mult_common)
    i.__ARM_fpclassify                       0x08001f30   Section        0  fpclassify.o(i.__ARM_fpclassify)
    i._is_digit                              0x08001f58   Section        0  __printf_wp.o(i._is_digit)
    locale$$code                             0x08001f68   Section       44  lc_numeric_c.o(locale$$code)
    x$fpl$d2f                                0x08001f94   Section       98  d2f.o(x$fpl$d2f)
    x$fpl$dadd                               0x08001ff8   Section      336  daddsub_clz.o(x$fpl$dadd)
    _dadd1                                   0x08002009   Thumb Code     0  daddsub_clz.o(x$fpl$dadd)
    x$fpl$ddiv                               0x08002148   Section      692  ddiv.o(x$fpl$ddiv)
    ddiv_entry                               0x0800214f   Thumb Code     0  ddiv.o(x$fpl$ddiv)
    x$fpl$dflt                               0x080023fc   Section       46  dflt_clz.o(x$fpl$dflt)
    x$fpl$dfltu                              0x0800242a   Section       38  dflt_clz.o(x$fpl$dfltu)
    x$fpl$dnaninf                            0x08002450   Section      156  dnaninf.o(x$fpl$dnaninf)
    x$fpl$dretinf                            0x080024ec   Section       12  dretinf.o(x$fpl$dretinf)
    x$fpl$dsub                               0x080024f8   Section      476  daddsub_clz.o(x$fpl$dsub)
    _dsub1                                   0x08002509   Thumb Code     0  daddsub_clz.o(x$fpl$dsub)
    x$fpl$f2d                                0x080026d4   Section       86  f2d.o(x$fpl$f2d)
    x$fpl$fnaninf                            0x0800272a   Section      140  fnaninf.o(x$fpl$fnaninf)
    x$fpl$fretinf                            0x080027b6   Section       10  fretinf.o(x$fpl$fretinf)
    x$fpl$printf1                            0x080027c0   Section        4  printf1.o(x$fpl$printf1)
    uc_hextab                                0x080027c4   Data          20  _printf_hex_int.o(.constdata)
    .constdata                               0x080027c4   Section       40  _printf_hex_int.o(.constdata)
    x$fpl$usenofp                            0x080027c4   Section        0  usenofp.o(x$fpl$usenofp)
    lc_hextab                                0x080027d8   Data          20  _printf_hex_int.o(.constdata)
    maptable                                 0x080027ec   Data          17  __printf_flags_wp.o(.constdata)
    .constdata                               0x080027ec   Section       17  __printf_flags_wp.o(.constdata)
    tenpwrs_x                                0x08002800   Data          60  bigflt0.o(.constdata)
    .constdata                               0x08002800   Section      148  bigflt0.o(.constdata)
    tenpwrs_i                                0x0800283c   Data          64  bigflt0.o(.constdata)
    ADCPrescTable                            0x08002894   Data           4  stm32f10x_rcc.o(.rodata.ADCPrescTable)
    [Anonymous Symbol]                       0x08002894   Section        0  stm32f10x_rcc.o(.rodata.ADCPrescTable)
    APBAHBPrescTable                         0x08002898   Data          16  stm32f10x_rcc.o(.rodata.APBAHBPrescTable)
    [Anonymous Symbol]                       0x08002898   Section        0  stm32f10x_rcc.o(.rodata.APBAHBPrescTable)
    .L.str.2                                 0x080028a8   Data           3  uart.o(.rodata.str1.1)
    [Anonymous Symbol]                       0x080028a8   Section        0  uart.o(.rodata.str1.1)
    .L.str                                   0x080028ab   Data           6  uart.o(.rodata.str1.1)
    .L.str.3                                 0x080028b1   Data          22  uart.o(.rodata.str1.1)
    locale$$data                             0x080028d8   Section       28  lc_numeric_c.o(locale$$data)
    __lcnum_c_name                           0x080028dc   Data           2  lc_numeric_c.o(locale$$data)
    __lcnum_c_start                          0x080028e4   Data           0  lc_numeric_c.o(locale$$data)
    __lcnum_c_point                          0x080028f0   Data           0  lc_numeric_c.o(locale$$data)
    __lcnum_c_thousands                      0x080028f2   Data           0  lc_numeric_c.o(locale$$data)
    __lcnum_c_grouping                       0x080028f3   Data           0  lc_numeric_c.o(locale$$data)
    __lcnum_c_end                            0x080028f4   Data           0  lc_numeric_c.o(locale$$data)
    .bss                                     0x20000000   Section       96  libspace.o(.bss)
    Convert_Float_To_Bytes.input             0x20000060   Data           4  lib_convert.o(.bss.Convert_Float_To_Bytes.input)
    [Anonymous Symbol]                       0x20000060   Section        0  lib_convert.o(.bss.Convert_Float_To_Bytes.input)
    USART1_IRQHandler.rx_buf                 0x20000064   Data         256  uart.o(.bss.USART1_IRQHandler.rx_buf)
    [Anonymous Symbol]                       0x20000064   Section        0  uart.o(.bss.USART1_IRQHandler.rx_buf)
    USART1_IRQHandler.rx_idx                 0x20000164   Data           1  uart.o(.bss.USART1_IRQHandler.rx_idx)
    [Anonymous Symbol]                       0x20000164   Section        0  uart.o(.bss.USART1_IRQHandler.rx_idx)
    counter_ms                               0x20000168   Data           4  tim2.o(.bss.counter_ms)
    [Anonymous Symbol]                       0x20000168   Section        0  tim2.o(.bss.counter_ms)
    Heap_Mem                                 0x20000170   Data         512  startup_stm32f10x_md.o(HEAP)
    HEAP                                     0x20000170   Section      512  startup_stm32f10x_md.o(HEAP)
    Stack_Mem                                0x20000370   Data        1024  startup_stm32f10x_md.o(STACK)
    STACK                                    0x20000370   Section     1024  startup_stm32f10x_md.o(STACK)
    __initial_sp                             0x20000770   Data           0  startup_stm32f10x_md.o(STACK)

    Global Symbols

    Symbol Name                              Value     Ov Type        Size  Object(Section)

    BuildAttributes$$THM_ISAv4$P$D$K$B$S$PE$A:L22UL41UL21$X:L11$S22US41US21$IEEE1$IW$~IW$USESV6$~STKCKD$USESV7$~SHL$OTIME$ROPI$IEEEJ$EBA8$UX$STANDARDLIB$REQ8$PRES8$EABIv2 0x00000000   Number         0  anon$$obj.o ABSOLUTE
    __fp_init_empty                          0x00000000   Number         0  fpinit_empty.o ABSOLUTE
    _printf_flags                            0x00000000   Number         0  printf_stubs.o ABSOLUTE
    _printf_return_value                     0x00000000   Number         0  printf_stubs.o ABSOLUTE
    _printf_sizespec                         0x00000000   Number         0  printf_stubs.o ABSOLUTE
    _printf_widthprec                        0x00000000   Number         0  printf_stubs.o ABSOLUTE
    __ARM_exceptions_init                     - Undefined Weak Reference
    __alloca_initialize                       - Undefined Weak Reference
    __arm_preinit_                            - Undefined Weak Reference
    __arm_relocate_pie_                       - Undefined Weak Reference
    __cpp_initialize__aeabi_                  - Undefined Weak Reference
    __cxa_finalize                            - Undefined Weak Reference
    __sigvec_lookup                           - Undefined Weak Reference
    _atexit_init                              - Undefined Weak Reference
    _call_atexit_fns                          - Undefined Weak Reference
    _clock_init                               - Undefined Weak Reference
    _fp_trap_init                             - Undefined Weak Reference
    _fp_trap_shutdown                         - Undefined Weak Reference
    _get_lc_collate                           - Undefined Weak Reference
    _get_lc_ctype                             - Undefined Weak Reference
    _get_lc_monetary                          - Undefined Weak Reference
    _get_lc_time                              - Undefined Weak Reference
    _getenv_init                              - Undefined Weak Reference
    _handle_redirection                       - Undefined Weak Reference
    _init_alloc                               - Undefined Weak Reference
    _init_user_alloc                          - Undefined Weak Reference
    _initio                                   - Undefined Weak Reference
    _printf_truncate_unsigned                 - Undefined Weak Reference
    _rand_init                                - Undefined Weak Reference
    _signal_finish                            - Undefined Weak Reference
    _signal_init                              - Undefined Weak Reference
    _terminate_alloc                          - Undefined Weak Reference
    _terminate_user_alloc                     - Undefined Weak Reference
    _terminateio                              - Undefined Weak Reference
    __Vectors_Size                           0x000000ec   Number         0  startup_stm32f10x_md.o ABSOLUTE
    __Vectors                                0x08000000   Data           4  startup_stm32f10x_md.o(RESET)
    __Vectors_End                            0x080000ec   Data           0  startup_stm32f10x_md.o(RESET)
    __main                                   0x080000ed   Thumb Code     8  __main.o(!!!main)
    __scatterload                            0x080000f5   Thumb Code     0  __scatter.o(!!!scatter)
    __scatterload_rt2                        0x080000f5   Thumb Code    44  __scatter.o(!!!scatter)
    __scatterload_rt2_thumb_only             0x080000f5   Thumb Code     0  __scatter.o(!!!scatter)
    __scatterload_null                       0x08000103   Thumb Code     0  __scatter.o(!!!scatter)
    __scatterload_zeroinit                   0x08000129   Thumb Code    28  __scatter_zi.o(!!handler_zi)
    _printf_f                                0x08000145   Thumb Code     0  _printf_f.o(.ARM.Collect$$_printf_percent$$00000003)
    _printf_percent                          0x08000145   Thumb Code     0  _printf_percent.o(.ARM.Collect$$_printf_percent$$00000000)
    _printf_x                                0x0800014b   Thumb Code     0  _printf_x.o(.ARM.Collect$$_printf_percent$$0000000C)
    _printf_percent_end                      0x08000151   Thumb Code     0  _printf_percent_end.o(.ARM.Collect$$_printf_percent$$00000017)
    __rt_lib_init                            0x08000155   Thumb Code     0  libinit.o(.ARM.Collect$$libinit$$00000000)
    __rt_lib_init_fp_1                       0x08000157   Thumb Code     0  libinit2.o(.ARM.Collect$$libinit$$00000002)
    __rt_lib_init_heap_1                     0x08000157   Thumb Code     0  libinit2.o(.ARM.Collect$$libinit$$0000000C)
    __rt_lib_init_lc_common                  0x08000157   Thumb Code     0  libinit2.o(.ARM.Collect$$libinit$$00000011)
    __rt_lib_init_preinit_1                  0x08000157   Thumb Code     0  libinit2.o(.ARM.Collect$$libinit$$00000006)
    __rt_lib_init_rand_1                     0x08000157   Thumb Code     0  libinit2.o(.ARM.Collect$$libinit$$00000010)
    __rt_lib_init_relocate_pie_1             0x08000157   Thumb Code     0  libinit2.o(.ARM.Collect$$libinit$$00000004)
    __rt_lib_init_user_alloc_1               0x08000157   Thumb Code     0  libinit2.o(.ARM.Collect$$libinit$$0000000E)
    __rt_lib_init_lc_collate_1               0x0800015d   Thumb Code     0  libinit2.o(.ARM.Collect$$libinit$$00000013)
    __rt_lib_init_lc_ctype_1                 0x0800015d   Thumb Code     0  libinit2.o(.ARM.Collect$$libinit$$00000015)
    __rt_lib_init_lc_monetary_1              0x0800015d   Thumb Code     0  libinit2.o(.ARM.Collect$$libinit$$00000017)
    __rt_lib_init_lc_numeric_2               0x0800015d   Thumb Code     0  libinit2.o(.ARM.Collect$$libinit$$00000018)
    __rt_lib_init_alloca_1                   0x08000167   Thumb Code     0  libinit2.o(.ARM.Collect$$libinit$$00000030)
    __rt_lib_init_argv_1                     0x08000167   Thumb Code     0  libinit2.o(.ARM.Collect$$libinit$$0000002E)
    __rt_lib_init_atexit_1                   0x08000167   Thumb Code     0  libinit2.o(.ARM.Collect$$libinit$$0000001D)
    __rt_lib_init_clock_1                    0x08000167   Thumb Code     0  libinit2.o(.ARM.Collect$$libinit$$00000023)
    __rt_lib_init_cpp_1                      0x08000167   Thumb Code     0  libinit2.o(.ARM.Collect$$libinit$$00000034)
    __rt_lib_init_exceptions_1               0x08000167   Thumb Code     0  libinit2.o(.ARM.Collect$$libinit$$00000032)
    __rt_lib_init_fp_trap_1                  0x08000167   Thumb Code     0  libinit2.o(.ARM.Collect$$libinit$$00000021)
    __rt_lib_init_getenv_1                   0x08000167   Thumb Code     0  libinit2.o(.ARM.Collect$$libinit$$00000025)
    __rt_lib_init_lc_numeric_1               0x08000167   Thumb Code     0  libinit2.o(.ARM.Collect$$libinit$$00000019)
    __rt_lib_init_lc_time_1                  0x08000167   Thumb Code     0  libinit2.o(.ARM.Collect$$libinit$$0000001B)
    __rt_lib_init_return                     0x08000167   Thumb Code     0  libinit2.o(.ARM.Collect$$libinit$$00000035)
    __rt_lib_init_signal_1                   0x08000167   Thumb Code     0  libinit2.o(.ARM.Collect$$libinit$$0000001F)
    __rt_lib_init_stdio_1                    0x08000167   Thumb Code     0  libinit2.o(.ARM.Collect$$libinit$$00000027)
    __rt_lib_shutdown                        0x08000169   Thumb Code     0  libshutdown.o(.ARM.Collect$$libshutdown$$00000000)
    __rt_lib_shutdown_cpp_1                  0x0800016b   Thumb Code     0  libshutdown2.o(.ARM.Collect$$libshutdown$$00000002)
    __rt_lib_shutdown_fp_trap_1              0x0800016b   Thumb Code     0  libshutdown2.o(.ARM.Collect$$libshutdown$$00000007)
    __rt_lib_shutdown_heap_1                 0x0800016b   Thumb Code     0  libshutdown2.o(.ARM.Collect$$libshutdown$$0000000F)
    __rt_lib_shutdown_return                 0x0800016b   Thumb Code     0  libshutdown2.o(.ARM.Collect$$libshutdown$$00000010)
    __rt_lib_shutdown_signal_1               0x0800016b   Thumb Code     0  libshutdown2.o(.ARM.Collect$$libshutdown$$0000000A)
    __rt_lib_shutdown_stdio_1                0x0800016b   Thumb Code     0  libshutdown2.o(.ARM.Collect$$libshutdown$$00000004)
    __rt_lib_shutdown_user_alloc_1           0x0800016b   Thumb Code     0  libshutdown2.o(.ARM.Collect$$libshutdown$$0000000C)
    __rt_entry                               0x0800016d   Thumb Code     0  __rtentry.o(.ARM.Collect$$rtentry$$00000000)
    __rt_entry_presh_1                       0x0800016d   Thumb Code     0  __rtentry2.o(.ARM.Collect$$rtentry$$00000002)
    __rt_entry_sh                            0x0800016d   Thumb Code     0  __rtentry4.o(.ARM.Collect$$rtentry$$00000004)
    __rt_entry_li                            0x08000173   Thumb Code     0  __rtentry2.o(.ARM.Collect$$rtentry$$0000000A)
    __rt_entry_postsh_1                      0x08000173   Thumb Code     0  __rtentry2.o(.ARM.Collect$$rtentry$$00000009)
    __rt_entry_main                          0x08000177   Thumb Code     0  __rtentry2.o(.ARM.Collect$$rtentry$$0000000D)
    __rt_entry_postli_1                      0x08000177   Thumb Code     0  __rtentry2.o(.ARM.Collect$$rtentry$$0000000C)
    __rt_exit                                0x0800017f   Thumb Code     0  rtexit.o(.ARM.Collect$$rtexit$$00000000)
    __rt_exit_ls                             0x08000181   Thumb Code     0  rtexit2.o(.ARM.Collect$$rtexit$$00000003)
    __rt_exit_prels_1                        0x08000181   Thumb Code     0  rtexit2.o(.ARM.Collect$$rtexit$$00000002)
    __rt_exit_exit                           0x08000185   Thumb Code     0  rtexit2.o(.ARM.Collect$$rtexit$$00000004)
    Reset_Handler                            0x0800018d   Thumb Code     8  startup_stm32f10x_md.o(.text)
    NMI_Handler                              0x08000195   Thumb Code     2  startup_stm32f10x_md.o(.text)
    HardFault_Handler                        0x08000197   Thumb Code     2  startup_stm32f10x_md.o(.text)
    MemManage_Handler                        0x08000199   Thumb Code     2  startup_stm32f10x_md.o(.text)
    BusFault_Handler                         0x0800019b   Thumb Code     2  startup_stm32f10x_md.o(.text)
    UsageFault_Handler                       0x0800019d   Thumb Code     2  startup_stm32f10x_md.o(.text)
    SVC_Handler                              0x0800019f   Thumb Code     2  startup_stm32f10x_md.o(.text)
    DebugMon_Handler                         0x080001a1   Thumb Code     2  startup_stm32f10x_md.o(.text)
    PendSV_Handler                           0x080001a3   Thumb Code     2  startup_stm32f10x_md.o(.text)
    SysTick_Handler                          0x080001a5   Thumb Code     2  startup_stm32f10x_md.o(.text)
    ADC1_2_IRQHandler                        0x080001a7   Thumb Code     0  startup_stm32f10x_md.o(.text)
    CAN1_RX1_IRQHandler                      0x080001a7   Thumb Code     0  startup_stm32f10x_md.o(.text)
    CAN1_SCE_IRQHandler                      0x080001a7   Thumb Code     0  startup_stm32f10x_md.o(.text)
    DMA1_Channel1_IRQHandler                 0x080001a7   Thumb Code     0  startup_stm32f10x_md.o(.text)
    DMA1_Channel2_IRQHandler                 0x080001a7   Thumb Code     0  startup_stm32f10x_md.o(.text)
    DMA1_Channel3_IRQHandler                 0x080001a7   Thumb Code     0  startup_stm32f10x_md.o(.text)
    DMA1_Channel4_IRQHandler                 0x080001a7   Thumb Code     0  startup_stm32f10x_md.o(.text)
    DMA1_Channel5_IRQHandler                 0x080001a7   Thumb Code     0  startup_stm32f10x_md.o(.text)
    DMA1_Channel6_IRQHandler                 0x080001a7   Thumb Code     0  startup_stm32f10x_md.o(.text)
    DMA1_Channel7_IRQHandler                 0x080001a7   Thumb Code     0  startup_stm32f10x_md.o(.text)
    EXTI0_IRQHandler                         0x080001a7   Thumb Code     0  startup_stm32f10x_md.o(.text)
    EXTI15_10_IRQHandler                     0x080001a7   Thumb Code     0  startup_stm32f10x_md.o(.text)
    EXTI1_IRQHandler                         0x080001a7   Thumb Code     0  startup_stm32f10x_md.o(.text)
    EXTI2_IRQHandler                         0x080001a7   Thumb Code     0  startup_stm32f10x_md.o(.text)
    EXTI3_IRQHandler                         0x080001a7   Thumb Code     0  startup_stm32f10x_md.o(.text)
    EXTI4_IRQHandler                         0x080001a7   Thumb Code     0  startup_stm32f10x_md.o(.text)
    EXTI9_5_IRQHandler                       0x080001a7   Thumb Code     0  startup_stm32f10x_md.o(.text)
    FLASH_IRQHandler                         0x080001a7   Thumb Code     0  startup_stm32f10x_md.o(.text)
    I2C1_ER_IRQHandler                       0x080001a7   Thumb Code     0  startup_stm32f10x_md.o(.text)
    I2C1_EV_IRQHandler                       0x080001a7   Thumb Code     0  startup_stm32f10x_md.o(.text)
    I2C2_ER_IRQHandler                       0x080001a7   Thumb Code     0  startup_stm32f10x_md.o(.text)
    I2C2_EV_IRQHandler                       0x080001a7   Thumb Code     0  startup_stm32f10x_md.o(.text)
    PVD_IRQHandler                           0x080001a7   Thumb Code     0  startup_stm32f10x_md.o(.text)
    RCC_IRQHandler                           0x080001a7   Thumb Code     0  startup_stm32f10x_md.o(.text)
    RTCAlarm_IRQHandler                      0x080001a7   Thumb Code     0  startup_stm32f10x_md.o(.text)
    RTC_IRQHandler                           0x080001a7   Thumb Code     0  startup_stm32f10x_md.o(.text)
    SPI1_IRQHandler                          0x080001a7   Thumb Code     0  startup_stm32f10x_md.o(.text)
    SPI2_IRQHandler                          0x080001a7   Thumb Code     0  startup_stm32f10x_md.o(.text)
    TAMPER_IRQHandler                        0x080001a7   Thumb Code     0  startup_stm32f10x_md.o(.text)
    TIM1_BRK_IRQHandler                      0x080001a7   Thumb Code     0  startup_stm32f10x_md.o(.text)
    TIM1_CC_IRQHandler                       0x080001a7   Thumb Code     0  startup_stm32f10x_md.o(.text)
    TIM1_TRG_COM_IRQHandler                  0x080001a7   Thumb Code     0  startup_stm32f10x_md.o(.text)
    TIM1_UP_IRQHandler                       0x080001a7   Thumb Code     0  startup_stm32f10x_md.o(.text)
    TIM3_IRQHandler                          0x080001a7   Thumb Code     0  startup_stm32f10x_md.o(.text)
    TIM4_IRQHandler                          0x080001a7   Thumb Code     0  startup_stm32f10x_md.o(.text)
    USART2_IRQHandler                        0x080001a7   Thumb Code     0  startup_stm32f10x_md.o(.text)
    USART3_IRQHandler                        0x080001a7   Thumb Code     0  startup_stm32f10x_md.o(.text)
    USBWakeUp_IRQHandler                     0x080001a7   Thumb Code     0  startup_stm32f10x_md.o(.text)
    USB_HP_CAN1_TX_IRQHandler                0x080001a7   Thumb Code     0  startup_stm32f10x_md.o(.text)
    USB_LP_CAN1_RX0_IRQHandler               0x080001a7   Thumb Code     0  startup_stm32f10x_md.o(.text)
    WWDG_IRQHandler                          0x080001a7   Thumb Code     0  startup_stm32f10x_md.o(.text)
    __user_initial_stackheap                 0x080001a9   Thumb Code     0  startup_stm32f10x_md.o(.text)
    __2snprintf                              0x080001cd   Thumb Code    58  noretval__2snprintf.o(.text)
    _printf_pre_padding                      0x0800020d   Thumb Code    44  _printf_pad.o(.text)
    _printf_post_padding                     0x08000239   Thumb Code    34  _printf_pad.o(.text)
    _printf_int_hex                          0x0800025d   Thumb Code    84  _printf_hex_int.o(.text)
    _printf_longlong_hex                     0x0800025d   Thumb Code     0  _printf_hex_int.o(.text)
    __printf                                 0x080002b5   Thumb Code   308  __printf_flags_wp.o(.text)
    __use_two_region_memory                  0x080003ed   Thumb Code     2  heapauxi.o(.text)
    __rt_heap_escrow$2region                 0x080003ef   Thumb Code     2  heapauxi.o(.text)
    __rt_heap_expand$2region                 0x080003f1   Thumb Code     2  heapauxi.o(.text)
    _printf_int_common                       0x080003f3   Thumb Code   178  _printf_intcommon.o(.text)
    _printf_fp_dec_real                      0x08000655   Thumb Code   620  _printf_fp_dec.o(.text)
    _printf_char_common                      0x080008cb   Thumb Code    32  _printf_char_common.o(.text)
    _snputc                                  0x080008f1   Thumb Code    16  _snputc.o(.text)
    __rt_locale                              0x08000901   Thumb Code     8  rt_locale_intlibspace.o(.text)
    _ll_udiv10                               0x08000909   Thumb Code   138  lludiv10.o(.text)
    _printf_fp_infnan                        0x08000995   Thumb Code   112  _printf_fp_infnan.o(.text)
    _btod_etento                             0x08000a15   Thumb Code   224  bigflt0.o(.text)
    __user_libspace                          0x08000af9   Thumb Code     8  libspace.o(.text)
    __user_perproc_libspace                  0x08000af9   Thumb Code     0  libspace.o(.text)
    __user_perthread_libspace                0x08000af9   Thumb Code     0  libspace.o(.text)
    __user_setup_stackheap                   0x08000b01   Thumb Code    74  sys_stackheap_outer.o(.text)
    exit                                     0x08000b4b   Thumb Code    18  exit.o(.text)
    strcmp                                   0x08000b5d   Thumb Code   128  strcmpv7m.o(.text)
    _sys_exit                                0x08000bdd   Thumb Code     8  sys_exit.o(.text)
    __I$use$semihosting                      0x08000be9   Thumb Code     0  use_no_semi.o(.text)
    __use_no_semihosting_swi                 0x08000be9   Thumb Code     2  use_no_semi.o(.text)
    __semihosting_library_function           0x08000beb   Thumb Code     0  indicate_semi.o(.text)
    BH1750_Init                              0x08000bed   Thumb Code    20  bh1750.o(.text.BH1750_Init)
    BH1750_ReadLux                           0x08000c01   Thumb Code    52  bh1750.o(.text.BH1750_ReadLux)
    Convert_Float_To_Bytes                   0x08000c35   Thumb Code    14  lib_convert.o(.text.Convert_Float_To_Bytes)
    Delay_ms                                 0x08000c45   Thumb Code    22  tim2.o(.text.Delay_ms)
    GPIO_Init                                0x08000c5d   Thumb Code   192  stm32f10x_gpio.o(.text.GPIO_Init)
    I2C1_config                              0x08000d1d   Thumb Code    98  app_i2c.o(.text.I2C1_config)
    I2C1_read_buf                            0x08000d81   Thumb Code   380  app_i2c.o(.text.I2C1_read_buf)
    I2C1_write                               0x08000efd   Thumb Code   214  app_i2c.o(.text.I2C1_write)
    I2C_AcknowledgeConfig                    0x08000fd5   Thumb Code    20  stm32f10x_i2c.o(.text.I2C_AcknowledgeConfig)
    I2C_CheckEvent                           0x08000fe9   Thumb Code    22  stm32f10x_i2c.o(.text.I2C_CheckEvent)
    I2C_Cmd                                  0x08001001   Thumb Code    18  stm32f10x_i2c.o(.text.I2C_Cmd)
    I2C_GenerateSTART                        0x08001015   Thumb Code    20  stm32f10x_i2c.o(.text.I2C_GenerateSTART)
    I2C_GenerateSTOP                         0x08001029   Thumb Code    20  stm32f10x_i2c.o(.text.I2C_GenerateSTOP)
    I2C_GetFlagStatus                        0x0800103d   Thumb Code    48  stm32f10x_i2c.o(.text.I2C_GetFlagStatus)
    I2C_Init                                 0x0800106d   Thumb Code   204  stm32f10x_i2c.o(.text.I2C_Init)
    I2C_NACKPositionConfig                   0x08001139   Thumb Code    24  stm32f10x_i2c.o(.text.I2C_NACKPositionConfig)
    I2C_Send7bitAddress                      0x08001151   Thumb Code    16  stm32f10x_i2c.o(.text.I2C_Send7bitAddress)
    I2C_SendData                             0x08001161   Thumb Code     4  stm32f10x_i2c.o(.text.I2C_SendData)
    Message_Create_Frame_Respond_LUX         0x08001165   Thumb Code   108  lib_message.o(.text.Message_Create_Frame_Respond_LUX)
    RCC_APB1PeriphClockCmd                   0x080011d1   Thumb Code    24  stm32f10x_rcc.o(.text.RCC_APB1PeriphClockCmd)
    RCC_APB2PeriphClockCmd                   0x080011e9   Thumb Code    24  stm32f10x_rcc.o(.text.RCC_APB2PeriphClockCmd)
    RCC_GetClocksFreq                        0x08001201   Thumb Code   160  stm32f10x_rcc.o(.text.RCC_GetClocksFreq)
    SystemInit                               0x080012a1   Thumb Code   272  system_stm32f10x.o(.text.SystemInit)
    TIM2_IRQHandler                          0x080013b1   Thumb Code    38  tim2.o(.text.TIM2_IRQHandler)
    Timer2_Init                              0x080013d9   Thumb Code    74  tim2.o(.text.Timer2_Init)
    USART1_IRQHandler                        0x08001425   Thumb Code   488  uart.o(.text.USART1_IRQHandler)
    USART1_Init                              0x08001639   Thumb Code   106  uart.o(.text.USART1_Init)
    USART1_Send_Data                         0x080016a5   Thumb Code    44  uart.o(.text.USART1_Send_Data)
    USART2_Init                              0x080016d1   Thumb Code   100  uart.o(.text.USART2_Init)
    main                                     0x08001735   Thumb Code   108  main.o(.text.main)
    _btod_d2e                                0x080017a1   Thumb Code    62  btod.o(CL$$btod_d2e)
    _d2e_denorm_low                          0x080017df   Thumb Code    70  btod.o(CL$$btod_d2e_denorm_low)
    _d2e_norm_op1                            0x08001825   Thumb Code    96  btod.o(CL$$btod_d2e_norm_op1)
    __btod_div_common                        0x08001885   Thumb Code   696  btod.o(CL$$btod_div_common)
    _e2e                                     0x08001bbd   Thumb Code   220  btod.o(CL$$btod_e2e)
    _btod_ediv                               0x08001c99   Thumb Code    42  btod.o(CL$$btod_ediv)
    _btod_emul                               0x08001cc3   Thumb Code    42  btod.o(CL$$btod_emul)
    __btod_mult_common                       0x08001ced   Thumb Code   580  btod.o(CL$$btod_mult_common)
    __ARM_fpclassify                         0x08001f31   Thumb Code    40  fpclassify.o(i.__ARM_fpclassify)
    _is_digit                                0x08001f59   Thumb Code    14  __printf_wp.o(i._is_digit)
    _get_lc_numeric                          0x08001f69   Thumb Code    44  lc_numeric_c.o(locale$$code)
    __aeabi_d2f                              0x08001f95   Thumb Code     0  d2f.o(x$fpl$d2f)
    _d2f                                     0x08001f95   Thumb Code    98  d2f.o(x$fpl$d2f)
    __aeabi_dadd                             0x08001ff9   Thumb Code     0  daddsub_clz.o(x$fpl$dadd)
    _dadd                                    0x08001ff9   Thumb Code   332  daddsub_clz.o(x$fpl$dadd)
    __aeabi_ddiv                             0x08002149   Thumb Code     0  ddiv.o(x$fpl$ddiv)
    _ddiv                                    0x08002149   Thumb Code   556  ddiv.o(x$fpl$ddiv)
    __aeabi_i2d                              0x080023fd   Thumb Code     0  dflt_clz.o(x$fpl$dflt)
    _dflt                                    0x080023fd   Thumb Code    46  dflt_clz.o(x$fpl$dflt)
    __aeabi_ui2d                             0x0800242b   Thumb Code     0  dflt_clz.o(x$fpl$dfltu)
    _dfltu                                   0x0800242b   Thumb Code    38  dflt_clz.o(x$fpl$dfltu)
    __fpl_dnaninf                            0x08002451   Thumb Code   156  dnaninf.o(x$fpl$dnaninf)
    __fpl_dretinf                            0x080024ed   Thumb Code    12  dretinf.o(x$fpl$dretinf)
    __aeabi_dsub                             0x080024f9   Thumb Code     0  daddsub_clz.o(x$fpl$dsub)
    _dsub                                    0x080024f9   Thumb Code   472  daddsub_clz.o(x$fpl$dsub)
    __aeabi_f2d                              0x080026d5   Thumb Code     0  f2d.o(x$fpl$f2d)
    _f2d                                     0x080026d5   Thumb Code    86  f2d.o(x$fpl$f2d)
    __fpl_fnaninf                            0x0800272b   Thumb Code   140  fnaninf.o(x$fpl$fnaninf)
    __fpl_fretinf                            0x080027b7   Thumb Code    10  fretinf.o(x$fpl$fretinf)
    _printf_fp_dec                           0x080027c1   Thumb Code     4  printf1.o(x$fpl$printf1)
    __I$use$fp                               0x080027c4   Number         0  usenofp.o(x$fpl$usenofp)
    Region$$Table$$Base                      0x080028c8   Number         0  anon$$obj.o(Region$$Table)
    Region$$Table$$Limit                     0x080028d8   Number         0  anon$$obj.o(Region$$Table)
    __libspace_start                         0x20000000   Data          96  libspace.o(.bss)
    __temporary_stack_top$libspace           0x20000060   Data           0  libspace.o(.bss)



==============================================================================

Memory Map of the image

  Image Entry point : 0x080000ed

  Load Region LR_IROM1 (Base: 0x08000000, Size: 0x000028f4, Max: 0x00010000, ABSOLUTE)

    Execution Region ER_IROM1 (Exec base: 0x08000000, Load base: 0x08000000, Size: 0x000028f4, Max: 0x00010000, ABSOLUTE)

    Exec Addr    Load Addr    Size         Type   Attr      Idx    E Section Name        Object

    0x08000000   0x08000000   0x000000ec   Data   RO          632    RESET               startup_stm32f10x_md.o
    0x080000ec   0x080000ec   0x00000008   Code   RO          709  * !!!main             c_w.l(__main.o)
    0x080000f4   0x080000f4   0x00000034   Code   RO          967    !!!scatter          c_w.l(__scatter.o)
    0x08000128   0x08000128   0x0000001c   Code   RO          969    !!handler_zi        c_w.l(__scatter_zi.o)
    0x08000144   0x08000144   0x00000000   Code   RO          706    .ARM.Collect$$_printf_percent$$00000000  c_w.l(_printf_percent.o)
    0x08000144   0x08000144   0x00000006   Code   RO          705    .ARM.Collect$$_printf_percent$$00000003  c_w.l(_printf_f.o)
    0x0800014a   0x0800014a   0x00000006   Code   RO          704    .ARM.Collect$$_printf_percent$$0000000C  c_w.l(_printf_x.o)
    0x08000150   0x08000150   0x00000004   Code   RO          744    .ARM.Collect$$_printf_percent$$00000017  c_w.l(_printf_percent_end.o)
    0x08000154   0x08000154   0x00000002   Code   RO          830    .ARM.Collect$$libinit$$00000000  c_w.l(libinit.o)
    0x08000156   0x08000156   0x00000000   Code   RO          832    .ARM.Collect$$libinit$$00000002  c_w.l(libinit2.o)
    0x08000156   0x08000156   0x00000000   Code   RO          834    .ARM.Collect$$libinit$$00000004  c_w.l(libinit2.o)
    0x08000156   0x08000156   0x00000000   Code   RO          836    .ARM.Collect$$libinit$$00000006  c_w.l(libinit2.o)
    0x08000156   0x08000156   0x00000000   Code   RO          839    .ARM.Collect$$libinit$$0000000C  c_w.l(libinit2.o)
    0x08000156   0x08000156   0x00000000   Code   RO          841    .ARM.Collect$$libinit$$0000000E  c_w.l(libinit2.o)
    0x08000156   0x08000156   0x00000000   Code   RO          843    .ARM.Collect$$libinit$$00000010  c_w.l(libinit2.o)
    0x08000156   0x08000156   0x00000006   Code   RO          844    .ARM.Collect$$libinit$$00000011  c_w.l(libinit2.o)
    0x0800015c   0x0800015c   0x00000000   Code   RO          846    .ARM.Collect$$libinit$$00000013  c_w.l(libinit2.o)
    0x0800015c   0x0800015c   0x00000000   Code   RO          848    .ARM.Collect$$libinit$$00000015  c_w.l(libinit2.o)
    0x0800015c   0x0800015c   0x00000000   Code   RO          850    .ARM.Collect$$libinit$$00000017  c_w.l(libinit2.o)
    0x0800015c   0x0800015c   0x0000000a   Code   RO          851    .ARM.Collect$$libinit$$00000018  c_w.l(libinit2.o)
    0x08000166   0x08000166   0x00000000   Code   RO          852    .ARM.Collect$$libinit$$00000019  c_w.l(libinit2.o)
    0x08000166   0x08000166   0x00000000   Code   RO          854    .ARM.Collect$$libinit$$0000001B  c_w.l(libinit2.o)
    0x08000166   0x08000166   0x00000000   Code   RO          856    .ARM.Collect$$libinit$$0000001D  c_w.l(libinit2.o)
    0x08000166   0x08000166   0x00000000   Code   RO          858    .ARM.Collect$$libinit$$0000001F  c_w.l(libinit2.o)
    0x08000166   0x08000166   0x00000000   Code   RO          860    .ARM.Collect$$libinit$$00000021  c_w.l(libinit2.o)
    0x08000166   0x08000166   0x00000000   Code   RO          862    .ARM.Collect$$libinit$$00000023  c_w.l(libinit2.o)
    0x08000166   0x08000166   0x00000000   Code   RO          864    .ARM.Collect$$libinit$$00000025  c_w.l(libinit2.o)
    0x08000166   0x08000166   0x00000000   Code   RO          866    .ARM.Collect$$libinit$$00000027  c_w.l(libinit2.o)
    0x08000166   0x08000166   0x00000000   Code   RO          870    .ARM.Collect$$libinit$$0000002E  c_w.l(libinit2.o)
    0x08000166   0x08000166   0x00000000   Code   RO          872    .ARM.Collect$$libinit$$00000030  c_w.l(libinit2.o)
    0x08000166   0x08000166   0x00000000   Code   RO          874    .ARM.Collect$$libinit$$00000032  c_w.l(libinit2.o)
    0x08000166   0x08000166   0x00000000   Code   RO          876    .ARM.Collect$$libinit$$00000034  c_w.l(libinit2.o)
    0x08000166   0x08000166   0x00000002   Code   RO          877    .ARM.Collect$$libinit$$00000035  c_w.l(libinit2.o)
    0x08000168   0x08000168   0x00000002   Code   RO          913    .ARM.Collect$$libshutdown$$00000000  c_w.l(libshutdown.o)
    0x0800016a   0x0800016a   0x00000000   Code   RO          924    .ARM.Collect$$libshutdown$$00000002  c_w.l(libshutdown2.o)
    0x0800016a   0x0800016a   0x00000000   Code   RO          926    .ARM.Collect$$libshutdown$$00000004  c_w.l(libshutdown2.o)
    0x0800016a   0x0800016a   0x00000000   Code   RO          929    .ARM.Collect$$libshutdown$$00000007  c_w.l(libshutdown2.o)
    0x0800016a   0x0800016a   0x00000000   Code   RO          932    .ARM.Collect$$libshutdown$$0000000A  c_w.l(libshutdown2.o)
    0x0800016a   0x0800016a   0x00000000   Code   RO          934    .ARM.Collect$$libshutdown$$0000000C  c_w.l(libshutdown2.o)
    0x0800016a   0x0800016a   0x00000000   Code   RO          937    .ARM.Collect$$libshutdown$$0000000F  c_w.l(libshutdown2.o)
    0x0800016a   0x0800016a   0x00000002   Code   RO          938    .ARM.Collect$$libshutdown$$00000010  c_w.l(libshutdown2.o)
    0x0800016c   0x0800016c   0x00000000   Code   RO          733    .ARM.Collect$$rtentry$$00000000  c_w.l(__rtentry.o)
    0x0800016c   0x0800016c   0x00000000   Code   RO          755    .ARM.Collect$$rtentry$$00000002  c_w.l(__rtentry2.o)
    0x0800016c   0x0800016c   0x00000006   Code   RO          767    .ARM.Collect$$rtentry$$00000004  c_w.l(__rtentry4.o)
    0x08000172   0x08000172   0x00000000   Code   RO          757    .ARM.Collect$$rtentry$$00000009  c_w.l(__rtentry2.o)
    0x08000172   0x08000172   0x00000004   Code   RO          758    .ARM.Collect$$rtentry$$0000000A  c_w.l(__rtentry2.o)
    0x08000176   0x08000176   0x00000000   Code   RO          760    .ARM.Collect$$rtentry$$0000000C  c_w.l(__rtentry2.o)
    0x08000176   0x08000176   0x00000008   Code   RO          761    .ARM.Collect$$rtentry$$0000000D  c_w.l(__rtentry2.o)
    0x0800017e   0x0800017e   0x00000002   Code   RO          878    .ARM.Collect$$rtexit$$00000000  c_w.l(rtexit.o)
    0x08000180   0x08000180   0x00000000   Code   RO          887    .ARM.Collect$$rtexit$$00000002  c_w.l(rtexit2.o)
    0x08000180   0x08000180   0x00000004   Code   RO          888    .ARM.Collect$$rtexit$$00000003  c_w.l(rtexit2.o)
    0x08000184   0x08000184   0x00000006   Code   RO          889    .ARM.Collect$$rtexit$$00000004  c_w.l(rtexit2.o)
    0x0800018a   0x0800018a   0x00000002   PAD
    0x0800018c   0x0800018c   0x00000040   Code   RO          633    .text               startup_stm32f10x_md.o
    0x080001cc   0x080001cc   0x00000040   Code   RO          657    .text               c_w.l(noretval__2snprintf.o)
    0x0800020c   0x0800020c   0x0000004e   Code   RO          661    .text               c_w.l(_printf_pad.o)
    0x0800025a   0x0800025a   0x00000002   PAD
    0x0800025c   0x0800025c   0x00000058   Code   RO          666    .text               c_w.l(_printf_hex_int.o)
    0x080002b4   0x080002b4   0x00000138   Code   RO          696    .text               c_w.l(__printf_flags_wp.o)
    0x080003ec   0x080003ec   0x00000006   Code   RO          707    .text               c_w.l(heapauxi.o)
    0x080003f2   0x080003f2   0x000000b2   Code   RO          734    .text               c_w.l(_printf_intcommon.o)
    0x080004a4   0x080004a4   0x0000041c   Code   RO          736    .text               c_w.l(_printf_fp_dec.o)
    0x080008c0   0x080008c0   0x00000030   Code   RO          740    .text               c_w.l(_printf_char_common.o)
    0x080008f0   0x080008f0   0x00000010   Code   RO          742    .text               c_w.l(_snputc.o)
    0x08000900   0x08000900   0x00000008   Code   RO          772    .text               c_w.l(rt_locale_intlibspace.o)
    0x08000908   0x08000908   0x0000008a   Code   RO          774    .text               c_w.l(lludiv10.o)
    0x08000992   0x08000992   0x00000002   PAD
    0x08000994   0x08000994   0x00000080   Code   RO          776    .text               c_w.l(_printf_fp_infnan.o)
    0x08000a14   0x08000a14   0x000000e4   Code   RO          780    .text               c_w.l(bigflt0.o)
    0x08000af8   0x08000af8   0x00000008   Code   RO          814    .text               c_w.l(libspace.o)
    0x08000b00   0x08000b00   0x0000004a   Code   RO          817    .text               c_w.l(sys_stackheap_outer.o)
    0x08000b4a   0x08000b4a   0x00000012   Code   RO          821    .text               c_w.l(exit.o)
    0x08000b5c   0x08000b5c   0x00000080   Code   RO          823    .text               c_w.l(strcmpv7m.o)
    0x08000bdc   0x08000bdc   0x0000000c   Code   RO          899    .text               c_w.l(sys_exit.o)
    0x08000be8   0x08000be8   0x00000002   Code   RO          914    .text               c_w.l(use_no_semi.o)
    0x08000bea   0x08000bea   0x00000000   Code   RO          916    .text               c_w.l(indicate_semi.o)
    0x08000bea   0x08000bea   0x00000002   PAD
    0x08000bec   0x08000bec   0x00000014   Code   RO          100    .text.BH1750_Init   bh1750.o
    0x08000c00   0x08000c00   0x00000034   Code   RO          102    .text.BH1750_ReadLux  bh1750.o
    0x08000c34   0x08000c34   0x0000000e   Code   RO            2    .text.Convert_Float_To_Bytes  lib_convert.o
    0x08000c42   0x08000c42   0x00000002   PAD
    0x08000c44   0x08000c44   0x00000016   Code   RO           42    .text.Delay_ms      tim2.o
    0x08000c5a   0x08000c5a   0x00000002   PAD
    0x08000c5c   0x08000c5c   0x000000c0   Code   RO          177    .text.GPIO_Init     stm32f10x_gpio.o
    0x08000d1c   0x08000d1c   0x00000062   Code   RO           84    .text.I2C1_config   app_i2c.o
    0x08000d7e   0x08000d7e   0x00000002   PAD
    0x08000d80   0x08000d80   0x0000017c   Code   RO           90    .text.I2C1_read_buf  app_i2c.o
    0x08000efc   0x08000efc   0x000000d6   Code   RO           86    .text.I2C1_write    app_i2c.o
    0x08000fd2   0x08000fd2   0x00000002   PAD
    0x08000fd4   0x08000fd4   0x00000014   Code   RO          234    .text.I2C_AcknowledgeConfig  stm32f10x_i2c.o
    0x08000fe8   0x08000fe8   0x00000016   Code   RO          272    .text.I2C_CheckEvent  stm32f10x_i2c.o
    0x08000ffe   0x08000ffe   0x00000002   PAD
    0x08001000   0x08001000   0x00000012   Code   RO          224    .text.I2C_Cmd       stm32f10x_i2c.o
    0x08001012   0x08001012   0x00000002   PAD
    0x08001014   0x08001014   0x00000014   Code   RO          230    .text.I2C_GenerateSTART  stm32f10x_i2c.o
    0x08001028   0x08001028   0x00000014   Code   RO          232    .text.I2C_GenerateSTOP  stm32f10x_i2c.o
    0x0800103c   0x0800103c   0x00000030   Code   RO          276    .text.I2C_GetFlagStatus  stm32f10x_i2c.o
    0x0800106c   0x0800106c   0x000000cc   Code   RO          220    .text.I2C_Init      stm32f10x_i2c.o
    0x08001138   0x08001138   0x00000018   Code   RO          254    .text.I2C_NACKPositionConfig  stm32f10x_i2c.o
    0x08001150   0x08001150   0x00000010   Code   RO          248    .text.I2C_Send7bitAddress  stm32f10x_i2c.o
    0x08001160   0x08001160   0x00000004   Code   RO          244    .text.I2C_SendData  stm32f10x_i2c.o
    0x08001164   0x08001164   0x0000006c   Code   RO          111    .text.Message_Create_Frame_Respond_LUX  lib_message.o
    0x080011d0   0x080011d0   0x00000018   Code   RO          338    .text.RCC_APB1PeriphClockCmd  stm32f10x_rcc.o
    0x080011e8   0x080011e8   0x00000018   Code   RO          336    .text.RCC_APB2PeriphClockCmd  stm32f10x_rcc.o
    0x08001200   0x08001200   0x000000a0   Code   RO          332    .text.RCC_GetClocksFreq  stm32f10x_rcc.o
    0x080012a0   0x080012a0   0x00000110   Code   RO          640    .text.SystemInit    system_stm32f10x.o
    0x080013b0   0x080013b0   0x00000026   Code   RO           38    .text.TIM2_IRQHandler  tim2.o
    0x080013d6   0x080013d6   0x00000002   PAD
    0x080013d8   0x080013d8   0x0000004a   Code   RO           36    .text.Timer2_Init   tim2.o
    0x08001422   0x08001422   0x00000002   PAD
    0x08001424   0x08001424   0x00000214   Code   RO           71    .text.USART1_IRQHandler  uart.o
    0x08001638   0x08001638   0x0000006a   Code   RO           55    .text.USART1_Init   uart.o
    0x080016a2   0x080016a2   0x00000002   PAD
    0x080016a4   0x080016a4   0x0000002c   Code   RO           61    .text.USART1_Send_Data  uart.o
    0x080016d0   0x080016d0   0x00000064   Code   RO           63    .text.USART2_Init   uart.o
    0x08001734   0x08001734   0x0000006c   Code   RO           20    .text.main          main.o
    0x080017a0   0x080017a0   0x0000003e   Code   RO          783    CL$$btod_d2e        c_w.l(btod.o)
    0x080017de   0x080017de   0x00000046   Code   RO          785    CL$$btod_d2e_denorm_low  c_w.l(btod.o)
    0x08001824   0x08001824   0x00000060   Code   RO          784    CL$$btod_d2e_norm_op1  c_w.l(btod.o)
    0x08001884   0x08001884   0x00000338   Code   RO          793    CL$$btod_div_common  c_w.l(btod.o)
    0x08001bbc   0x08001bbc   0x000000dc   Code   RO          790    CL$$btod_e2e        c_w.l(btod.o)
    0x08001c98   0x08001c98   0x0000002a   Code   RO          787    CL$$btod_ediv       c_w.l(btod.o)
    0x08001cc2   0x08001cc2   0x0000002a   Code   RO          786    CL$$btod_emul       c_w.l(btod.o)
    0x08001cec   0x08001cec   0x00000244   Code   RO          792    CL$$btod_mult_common  c_w.l(btod.o)
    0x08001f30   0x08001f30   0x00000028   Code   RO          812    i.__ARM_fpclassify  m_ws.l(fpclassify.o)
    0x08001f58   0x08001f58   0x0000000e   Code   RO          694    i._is_digit         c_w.l(__printf_wp.o)
    0x08001f66   0x08001f66   0x00000002   PAD
    0x08001f68   0x08001f68   0x0000002c   Code   RO          808    locale$$code        c_w.l(lc_numeric_c.o)
    0x08001f94   0x08001f94   0x00000062   Code   RO          711    x$fpl$d2f           fz_ws.l(d2f.o)
    0x08001ff6   0x08001ff6   0x00000002   PAD
    0x08001ff8   0x08001ff8   0x00000150   Code   RO          713    x$fpl$dadd          fz_ws.l(daddsub_clz.o)
    0x08002148   0x08002148   0x000002b4   Code   RO          720    x$fpl$ddiv          fz_ws.l(ddiv.o)
    0x080023fc   0x080023fc   0x0000002e   Code   RO          724    x$fpl$dflt          fz_ws.l(dflt_clz.o)
    0x0800242a   0x0800242a   0x00000026   Code   RO          723    x$fpl$dfltu         fz_ws.l(dflt_clz.o)
    0x08002450   0x08002450   0x0000009c   Code   RO          745    x$fpl$dnaninf       fz_ws.l(dnaninf.o)
    0x080024ec   0x080024ec   0x0000000c   Code   RO          747    x$fpl$dretinf       fz_ws.l(dretinf.o)
    0x080024f8   0x080024f8   0x000001dc   Code   RO          715    x$fpl$dsub          fz_ws.l(daddsub_clz.o)
    0x080026d4   0x080026d4   0x00000056   Code   RO          729    x$fpl$f2d           fz_ws.l(f2d.o)
    0x0800272a   0x0800272a   0x0000008c   Code   RO          749    x$fpl$fnaninf       fz_ws.l(fnaninf.o)
    0x080027b6   0x080027b6   0x0000000a   Code   RO          751    x$fpl$fretinf       fz_ws.l(fretinf.o)
    0x080027c0   0x080027c0   0x00000004   Code   RO          731    x$fpl$printf1       fz_ws.l(printf1.o)
    0x080027c4   0x080027c4   0x00000000   Code   RO          753    x$fpl$usenofp       fz_ws.l(usenofp.o)
    0x080027c4   0x080027c4   0x00000028   Data   RO          667    .constdata          c_w.l(_printf_hex_int.o)
    0x080027ec   0x080027ec   0x00000011   Data   RO          697    .constdata          c_w.l(__printf_flags_wp.o)
    0x080027fd   0x080027fd   0x00000003   PAD
    0x08002800   0x08002800   0x00000094   Data   RO          781    .constdata          c_w.l(bigflt0.o)
    0x08002894   0x08002894   0x00000004   Data   RO          357    .rodata.ADCPrescTable  stm32f10x_rcc.o
    0x08002898   0x08002898   0x00000010   Data   RO          356    .rodata.APBAHBPrescTable  stm32f10x_rcc.o
    0x080028a8   0x080028a8   0x0000001f   Data   RO           75    .rodata.str1.1      uart.o
    0x080028c7   0x080028c7   0x00000001   PAD
    0x080028c8   0x080028c8   0x00000010   Data   RO          966    Region$$Table       anon$$obj.o
    0x080028d8   0x080028d8   0x0000001c   Data   RO          807    locale$$data        c_w.l(lc_numeric_c.o)


    Execution Region RW_IRAM1 (Exec base: 0x20000000, Load base: 0x080028f4, Size: 0x00000770, Max: 0x00005000, ABSOLUTE)

    Exec Addr    Load Addr    Size         Type   Attr      Idx    E Section Name        Object

    0x20000000        -       0x00000060   Zero   RW          815    .bss                c_w.l(libspace.o)
    0x20000060        -       0x00000004   Zero   RW           10    .bss.Convert_Float_To_Bytes.input  lib_convert.o
    0x20000064        -       0x00000100   Zero   RW           73    .bss.USART1_IRQHandler.rx_buf  uart.o
    0x20000164        -       0x00000001   Zero   RW           74    .bss.USART1_IRQHandler.rx_idx  uart.o
    0x20000165   0x080028f4   0x00000003   PAD
    0x20000168        -       0x00000004   Zero   RW           46    .bss.counter_ms     tim2.o
    0x2000016c   0x080028f4   0x00000004   PAD
    0x20000170        -       0x00000200   Zero   RW          631    HEAP                startup_stm32f10x_md.o
    0x20000370        -       0x00000400   Zero   RW          630    STACK               startup_stm32f10x_md.o


==============================================================================

Image component sizes


      Code (inc. data)   RO Data    RW Data    ZI Data      Debug   Object Name

       692          0          0          0          0       5221   app_i2c.o
        72          0          0          0          0        867   bh1750.o
        14          0          0          0          4       1666   lib_convert.o
       108          0          0          0          0       5607   lib_message.o
       108          0          0          0          0       1900   main.o
        64         26        236          0       1536        844   startup_stm32f10x_md.o
       192          0          0          0          0       6237   stm32f10x_gpio.o
       396          0          0          0          0       9537   stm32f10x_i2c.o
       208          0         20          0          0       8581   stm32f10x_rcc.o
       272          0          0          0          0       2893   system_stm32f10x.o
       134          0          0          0          4       4831   tim2.o
       782         44         31          0        257       6471   uart.o

    ----------------------------------------------------------------------
      3060         70        304          0       1808      54655   Object Totals
         0          0         16          0          0          0   (incl. Generated)
        18          0          1          0          7          0   (incl. Padding)

    ----------------------------------------------------------------------

      Code (inc. data)   RO Data    RW Data    ZI Data      Debug   Library Member Name

         8          0          0          0          0         68   __main.o
       312          4         17          0          0         92   __printf_flags_wp.o
        14          0          0          0          0         68   __printf_wp.o
         0          0          0          0          0          0   __rtentry.o
        12          0          0          0          0          0   __rtentry2.o
         6          0          0          0          0          0   __rtentry4.o
        52          8          0          0          0          0   __scatter.o
        28          0          0          0          0          0   __scatter_zi.o
        48          6          0          0          0         96   _printf_char_common.o
         6          0          0          0          0          0   _printf_f.o
      1052          0          0          0          0        148   _printf_fp_dec.o
       128         16          0          0          0         84   _printf_fp_infnan.o
        88          4         40          0          0         88   _printf_hex_int.o
       178          0          0          0          0         88   _printf_intcommon.o
        78          0          0          0          0        108   _printf_pad.o
         0          0          0          0          0          0   _printf_percent.o
         4          0          0          0          0          0   _printf_percent_end.o
         6          0          0          0          0          0   _printf_x.o
        16          0          0          0          0         68   _snputc.o
       228          4        148          0          0         96   bigflt0.o
      1936        128          0          0          0        668   btod.o
        18          0          0          0          0         80   exit.o
         6          0          0          0          0        152   heapauxi.o
         0          0          0          0          0          0   indicate_semi.o
        44         10         28          0          0         76   lc_numeric_c.o
         2          0          0          0          0          0   libinit.o
        18          0          0          0          0          0   libinit2.o
         2          0          0          0          0          0   libshutdown.o
         2          0          0          0          0          0   libshutdown2.o
         8          4          0          0         96         68   libspace.o
       138          0          0          0          0         80   lludiv10.o
        64          6          0          0          0         84   noretval__2snprintf.o
         8          4          0          0          0         68   rt_locale_intlibspace.o
         2          0          0          0          0          0   rtexit.o
        10          0          0          0          0          0   rtexit2.o
       128          0          0          0          0         68   strcmpv7m.o
        12          4          0          0          0         68   sys_exit.o
        74          0          0          0          0         80   sys_stackheap_outer.o
         2          0          0          0          0         68   use_no_semi.o
        98          4          0          0          0         92   d2f.o
       812         16          0          0          0        296   daddsub_clz.o
       692        140          0          0          0        216   ddiv.o
        84          0          0          0          0        136   dflt_clz.o
       156          4          0          0          0         92   dnaninf.o
        12          0          0          0          0         68   dretinf.o
        86          4          0          0          0         84   f2d.o
       140          4          0          0          0         84   fnaninf.o
        10          0          0          0          0         68   fretinf.o
         4          0          0          0          0         68   printf1.o
         0          0          0          0          0          0   usenofp.o
        40          0          0          0          0         68   fpclassify.o

    ----------------------------------------------------------------------
      6884        370        236          0         96       3836   Library Totals
        12          0          3          0          0          0   (incl. Padding)

    ----------------------------------------------------------------------

      Code (inc. data)   RO Data    RW Data    ZI Data      Debug   Library Name

      4738        198        233          0         96       2564   c_w.l
      2094        172          0          0          0       1204   fz_ws.l
        40          0          0          0          0         68   m_ws.l

    ----------------------------------------------------------------------
      6884        370        236          0         96       3836   Library Totals

    ----------------------------------------------------------------------

==============================================================================


      Code (inc. data)   RO Data    RW Data    ZI Data      Debug   

      9944        440        540          0       1904      56243   Grand Totals
      9944        440        540          0       1904      56243   ELF Image Totals
      9944        440        540          0          0          0   ROM Totals

==============================================================================

    Total RO  Size (Code + RO Data)                10484 (  10.24kB)
    Total RW  Size (RW Data + ZI Data)              1904 (   1.86kB)
    Total ROM Size (Code + RO Data + RW Data)      10484 (  10.24kB)

==============================================================================

