<html>
<body>
<pre>
<h1>µVision Build Log</h1>
<h2>Tool Versions:</h2>
IDE-Version: µVision V5.38.0.0
Copyright (C) 2022 ARM Ltd and ARM Germany GmbH. All rights reserved.
License Information: tung nguyen, ptit, LIC=WHYH9-41QSA-2ZKW4-F4BZ0-3CTL8-RAJFP
 
Tool Versions:
Toolchain:       MDK-ARM Plus  Version: 5.38.0.0
Toolchain Path:  C:\Keil_v5\ARM\ARMCLANG\Bin
C Compiler:      ArmClang.exe V6.19
Assembler:       Armasm.exe V6.19
Linker/Locator:  ArmLink.exe V6.19
Library Manager: ArmAr.exe V6.19
Hex Converter:   FromElf.exe V6.19
CPU DLL:         SARMCM3.DLL V5.38.0.0
Dialog DLL:      DCM.DLL V1.17.5.0
Target DLL:      STLink\ST-LINKIII-KEIL_SWO.dll V3.1.0.0
Dialog DLL:      TCM.DLL V1.56.4.0
 
<h2>Project:</h2>
C:\Mangcambien\TH3_Mangcambien\ESP_STM\UART\UART\MDK\uart.uvprojx
Project File Date:  04/18/2025

<h2>Output:</h2>
*** Using Compiler 'V6.19', folder: 'C:\Keil_v5\ARM\ARMCLANG\Bin'
Build target 'UART'
../SRC/uart.c(1): warning: In file included from...
../SRC/uart.h(4): warning: In file included from...
C:/Users/Admin/AppData/Local/Arm/Packs/Keil/STM32F1xx_DFP/2.4.1/Device/Include\stm32f10x.h(18): warning: invalid UTF-8 in comment [-Winvalid-utf8]
  *              - To use or not the peripheral<92>s drivers in application code(i.e. 
                                               ^
C:/Users/Admin/AppData/Local/Arm/Packs/Keil/STM32F1xx_DFP/2.4.1/Device/Include\stm32f10x.h(19): warning: invalid UTF-8 in comment [-Winvalid-utf8]
  *                code will be based on direct access to peripheral<92>s registers 
                                                                    ^
C:/Users/Admin/AppData/Local/Arm/Packs/Keil/STM32F1xx_DFP/2.4.1/Device/Include\stm32f10x.h(26): warning: invalid UTF-8 in comment [-Winvalid-utf8]
  *           - Macros to access peripheral<92>s registers hardware
                                           ^
../SRC/uart.c(1): warning: In file included from...
../SRC/uart.h(4): warning: In file included from...
C:/Users/Admin/AppData/Local/Arm/Packs/Keil/STM32F1xx_DFP/2.4.1/Device/Include\stm32f10x.h(8347): warning: In file included from...
./RTE/Device/STM32F103C8\stm32f10x_conf.h(54): warning: In file included from...
C:/Users/Admin/AppData/Local/Arm/Packs/Keil/STM32F1xx_DFP/2.4.1/Device/StdPeriph_Driver/inc\stm32f10x_exti.h(31): warning: In file included from...
C:/Users/Admin/AppData/Local/Arm/Packs/Keil/STM32F1xx_DFP/2.4.1/Device/Include\stm32f10x.h(18): warning: invalid UTF-8 in comment [-Winvalid-utf8]
  *              - To use or not the peripheral<92>s drivers in application code(i.e. 
                                               ^
C:/Users/Admin/AppData/Local/Arm/Packs/Keil/STM32F1xx_DFP/2.4.1/Device/Include\stm32f10x.h(19): warning: invalid UTF-8 in comment [-Winvalid-utf8]
  *                code will be based on direct access to peripheral<92>s registers 
                                                                    ^
C:/Users/Admin/AppData/Local/Arm/Packs/Keil/STM32F1xx_DFP/2.4.1/Device/Include\stm32f10x.h(26): warning: invalid UTF-8 in comment [-Winvalid-utf8]
  *           - Macros to access peripheral<92>s registers hardware
                                           ^
../SRC/uart.c(1): warning: In file included from...
../SRC/uart.h(4): warning: In file included from...
C:/Users/Admin/AppData/Local/Arm/Packs/Keil/STM32F1xx_DFP/2.4.1/Device/Include\stm32f10x.h(8347): warning: In file included from...
./RTE/Device/STM32F103C8\stm32f10x_conf.h(63): warning: In file included from...
C:/Users/Admin/AppData/Local/Arm/Packs/Keil/STM32F1xx_DFP/2.4.1/Device/StdPeriph_Driver/inc\stm32f10x_gpio.h(31): warning: In file included from...
C:/Users/Admin/AppData/Local/Arm/Packs/Keil/STM32F1xx_DFP/2.4.1/Device/Include\stm32f10x.h(18): warning: invalid UTF-8 in comment [-Winvalid-utf8]
  *              - To use or not the peripheral<92>s drivers in application code(i.e. 
                                               ^
C:/Users/Admin/AppData/Local/Arm/Packs/Keil/STM32F1xx_DFP/2.4.1/Device/Include\stm32f10x.h(19): warning: invalid UTF-8 in comment [-Winvalid-utf8]
  *                code will be based on direct access to peripheral<92>s registers 
                                                                    ^
C:/Users/Admin/AppData/Local/Arm/Packs/Keil/STM32F1xx_DFP/2.4.1/Device/Include\stm32f10x.h(26): warning: invalid UTF-8 in comment [-Winvalid-utf8]
  *           - Macros to access peripheral<92>s registers hardware
                                           ^
../SRC/uart.c(1): warning: In file included from...
../SRC/uart.h(4): warning: In file included from...
C:/Users/Admin/AppData/Local/Arm/Packs/Keil/STM32F1xx_DFP/2.4.1/Device/Include\stm32f10x.h(8347): warning: In file included from...
./RTE/Device/STM32F103C8\stm32f10x_conf.h(66): warning: In file included from...
C:/Users/Admin/AppData/Local/Arm/Packs/Keil/STM32F1xx_DFP/2.4.1/Device/StdPeriph_Driver/inc\stm32f10x_i2c.h(31): warning: In file included from...
C:/Users/Admin/AppData/Local/Arm/Packs/Keil/STM32F1xx_DFP/2.4.1/Device/Include\stm32f10x.h(18): warning: invalid UTF-8 in comment [-Winvalid-utf8]
  *              - To use or not the peripheral<92>s drivers in application code(i.e. 
                                               ^
C:/Users/Admin/AppData/Local/Arm/Packs/Keil/STM32F1xx_DFP/2.4.1/Device/Include\stm32f10x.h(19): warning: invalid UTF-8 in comment [-Winvalid-utf8]
  *                code will be based on direct access to peripheral<92>s registers 
                                                                    ^
C:/Users/Admin/AppData/Local/Arm/Packs/Keil/STM32F1xx_DFP/2.4.1/Device/Include\stm32f10x.h(26): warning: invalid UTF-8 in comment [-Winvalid-utf8]
  *           - Macros to access peripheral<92>s registers hardware
                                           ^
../SRC/uart.c(1): warning: In file included from...
../SRC/uart.h(4): warning: In file included from...
C:/Users/Admin/AppData/Local/Arm/Packs/Keil/STM32F1xx_DFP/2.4.1/Device/Include\stm32f10x.h(8347): warning: In file included from...
./RTE/Device/STM32F103C8\stm32f10x_conf.h(75): warning: In file included from...
C:/Users/Admin/AppData/Local/Arm/Packs/Keil/STM32F1xx_DFP/2.4.1/Device/StdPeriph_Driver/inc\stm32f10x_rcc.h(31): warning: In file included from...
C:/Users/Admin/AppData/Local/Arm/Packs/Keil/STM32F1xx_DFP/2.4.1/Device/Include\stm32f10x.h(18): warning: invalid UTF-8 in comment [-Winvalid-utf8]
  *              - To use or not the peripheral<92>s drivers in application code(i.e. 
                                               ^
C:/Users/Admin/AppData/Local/Arm/Packs/Keil/STM32F1xx_DFP/2.4.1/Device/Include\stm32f10x.h(19): warning: invalid UTF-8 in comment [-Winvalid-utf8]
  *                code will be based on direct access to peripheral<92>s registers 
                                                                    ^
C:/Users/Admin/AppData/Local/Arm/Packs/Keil/STM32F1xx_DFP/2.4.1/Device/Include\stm32f10x.h(26): warning: invalid UTF-8 in comment [-Winvalid-utf8]
  *           - Macros to access peripheral<92>s registers hardware
                                           ^
../SRC/uart.c(1): warning: In file included from...
../SRC/uart.h(4): warning: In file included from...
C:/Users/Admin/AppData/Local/Arm/Packs/Keil/STM32F1xx_DFP/2.4.1/Device/Include\stm32f10x.h(8347): warning: In file included from...
./RTE/Device/STM32F103C8\stm32f10x_conf.h(87): warning: In file included from...
C:/Users/Admin/AppData/Local/Arm/Packs/Keil/STM32F1xx_DFP/2.4.1/Device/StdPeriph_Driver/inc\stm32f10x_tim.h(31): warning: In file included from...
C:/Users/Admin/AppData/Local/Arm/Packs/Keil/STM32F1xx_DFP/2.4.1/Device/Include\stm32f10x.h(18): warning: invalid UTF-8 in comment [-Winvalid-utf8]
  *              - To use or not the peripheral<92>s drivers in application code(i.e. 
                                               ^
C:/Users/Admin/AppData/Local/Arm/Packs/Keil/STM32F1xx_DFP/2.4.1/Device/Include\stm32f10x.h(19): warning: invalid UTF-8 in comment [-Winvalid-utf8]
  *                code will be based on direct access to peripheral<92>s registers 
                                                                    ^
C:/Users/Admin/AppData/Local/Arm/Packs/Keil/STM32F1xx_DFP/2.4.1/Device/Include\stm32f10x.h(26): warning: invalid UTF-8 in comment [-Winvalid-utf8]
  *           - Macros to access peripheral<92>s registers hardware
                                           ^
../SRC/uart.c(1): warning: In file included from...
../SRC/uart.h(4): warning: In file included from...
C:/Users/Admin/AppData/Local/Arm/Packs/Keil/STM32F1xx_DFP/2.4.1/Device/Include\stm32f10x.h(8347): warning: In file included from...
./RTE/Device/STM32F103C8\stm32f10x_conf.h(90): warning: In file included from...
C:/Users/Admin/AppData/Local/Arm/Packs/Keil/STM32F1xx_DFP/2.4.1/Device/StdPeriph_Driver/inc\stm32f10x_usart.h(31): warning: In file included from...
C:/Users/Admin/AppData/Local/Arm/Packs/Keil/STM32F1xx_DFP/2.4.1/Device/Include\stm32f10x.h(18): warning: invalid UTF-8 in comment [-Winvalid-utf8]
  *              - To use or not the peripheral<92>s drivers in application code(i.e. 
                                               ^
C:/Users/Admin/AppData/Local/Arm/Packs/Keil/STM32F1xx_DFP/2.4.1/Device/Include\stm32f10x.h(19): warning: invalid UTF-8 in comment [-Winvalid-utf8]
  *                code will be based on direct access to peripheral<92>s registers 
                                                                    ^
C:/Users/Admin/AppData/Local/Arm/Packs/Keil/STM32F1xx_DFP/2.4.1/Device/Include\stm32f10x.h(26): warning: invalid UTF-8 in comment [-Winvalid-utf8]
  *           - Macros to access peripheral<92>s registers hardware
                                           ^
../SRC/uart.c(1): warning: In file included from...
../SRC/uart.h(4): warning: In file included from...
C:/Users/Admin/AppData/Local/Arm/Packs/Keil/STM32F1xx_DFP/2.4.1/Device/Include\stm32f10x.h(8347): warning: In file included from...
./RTE/Device/STM32F103C8\stm32f10x_conf.h(96): warning: In file included from...
C:/Users/Admin/AppData/Local/Arm/Packs/Keil/STM32F1xx_DFP/2.4.1/Device/StdPeriph_Driver/inc\misc.h(31): warning: In file included from...
C:/Users/Admin/AppData/Local/Arm/Packs/Keil/STM32F1xx_DFP/2.4.1/Device/Include\stm32f10x.h(18): warning: invalid UTF-8 in comment [-Winvalid-utf8]
  *              - To use or not the peripheral<92>s drivers in application code(i.e. 
                                               ^
C:/Users/Admin/AppData/Local/Arm/Packs/Keil/STM32F1xx_DFP/2.4.1/Device/Include\stm32f10x.h(19): warning: invalid UTF-8 in comment [-Winvalid-utf8]
  *                code will be based on direct access to peripheral<92>s registers 
                                                                    ^
C:/Users/Admin/AppData/Local/Arm/Packs/Keil/STM32F1xx_DFP/2.4.1/Device/Include\stm32f10x.h(26): warning: invalid UTF-8 in comment [-Winvalid-utf8]
  *           - Macros to access peripheral<92>s registers hardware
                                           ^
../SRC/uart.c(10): warning: implicit conversion changes signedness: 'int' to 'unsigned int' [-Wsign-conversion]
    GPIOA->CRH &= ~(0xF << 4);
               ~~ ^~~~~~~~~~~
../SRC/uart.c(14): warning: implicit conversion changes signedness: 'int' to 'unsigned int' [-Wsign-conversion]
    GPIOA->CRH &= ~(0xF << 8);
               ~~ ^~~~~~~~~~~
../SRC/uart.c(17): warning: invalid UTF-8 in comment [-Winvalid-utf8]
    // C?u h<EC>nh baud rate
            ^
../SRC/uart.c(20): warning: invalid UTF-8 in comment [-Winvalid-utf8]
    NVIC_EnableIRQ(USART1_IRQn);  // K<ED>ch ho?t ng?t USART1
                                      ^
../SRC/uart.c(48): warning: implicit conversion changes signedness: 'int' to 'unsigned int' [-Wsign-conversion]
    GPIOA->CRL &= ~(0xF << 8);
               ~~ ^~~~~~~~~~~
../SRC/uart.c(52): warning: implicit conversion changes signedness: 'int' to 'unsigned int' [-Wsign-conversion]
    GPIOA->CRL &= ~(0xF << 12);
               ~~ ^~~~~~~~~~~~
../SRC/uart.c(55): warning: invalid UTF-8 in comment [-Winvalid-utf8]
    // C?u h<EC>nh baud rate
            ^
../SRC/uart.c(78): warning: invalid UTF-8 in comment [-Winvalid-utf8]
// --- X? l<FD> ng?t USART1 (nh?n d? li?u t? ESP32) ---
           ^
../SRC/uart.c(89): warning: invalid UTF-8 in comment [-Winvalid-utf8]
            rx_buf[rx_idx++] = byte;  // Luu byte v<E0>o buffer
                                                   ^
../SRC/uart.c(92): warning: invalid UTF-8 in comment [-Winvalid-utf8]
        // Ki?m tra n?u d<E3> nh?n d? d? li?u
                         ^
../SRC/uart.c(94): warning: implicit conversion loses integer precision: 'int' to 'uint16_t' (aka 'unsigned short') [-Wimplicit-int-conversion]
            uint16_t length_field = ((uint16_t)rx_buf[4] << 8) | rx_buf[5]; // Ki?m tra chi?u d<E0>i frame
                     ~~~~~~~~~~~~   ~~~~~~~~~~~~~~~~~~~~~~~~~~~^~~~~~~~~~~
../SRC/uart.c(94): warning: invalid UTF-8 in comment [-Winvalid-utf8]
            uint16_t length_field = ((uint16_t)rx_buf[4] << 8) | rx_buf[5]; // Ki?m tra chi?u d<E0>i frame
                                                                                               ^
../SRC/uart.c(95): warning: invalid UTF-8 in comment [-Winvalid-utf8]
            uint16_t frame_size =length_field; // T?ng k<ED>ch thu?c c?a frame (bao g?m header + d? li?u)
                                                        ^
../SRC/uart.c(97): warning: invalid UTF-8 in comment [-Winvalid-utf8]
            // N?u d<E3> nh?n d? m?t frame
                    ^
../SRC/uart.c(101): warning: invalid UTF-8 in comment [-Winvalid-utf8]
                    // In to<E0>n b? frame g?c ra UART2 d? ki?m tra
                            ^
../SRC/uart.c(110): warning: invalid UTF-8 in comment [-Winvalid-utf8]
                    // Ph<E2>n t<ED>ch d? li?u DHT11 t? frame
                         ^
../SRC/uart.c(110): warning: invalid UTF-8 in comment [-Winvalid-utf8]
                    // Ph<E2>n t<ED>ch d? li?u DHT11 t? frame
                                ^
../SRC/uart.c(114): warning: invalid UTF-8 in comment [-Winvalid-utf8]
                                                                         uint8_t humidity_int = rx_buf[8];    // <D0>? ?m nguy<EA>n
                                                                                                                 ^
../SRC/uart.c(114): warning: invalid UTF-8 in comment [-Winvalid-utf8]
                                                                         uint8_t humidity_int = rx_buf[8];    // <D0>? ?m nguy<EA>n
                                                                                                                              ^
../SRC/uart.c(115): warning: invalid UTF-8 in comment [-Winvalid-utf8]
                                                                         uint8_t humidity_dec = rx_buf[9];    // <D0>? ?m ph?n th?p ph<E2>n
                                                                                                                 ^
../SRC/uart.c(115): warning: invalid UTF-8 in comment [-Winvalid-utf8]
                                                                         uint8_t humidity_dec = rx_buf[9];    // <D0>? ?m ph?n th?p ph<E2>n
                                                                                                                                      ^
../SRC/uart.c(117): warning: invalid UTF-8 in comment [-Winvalid-utf8]
                                                                         uint8_t temperature_int = rx_buf[10];  // Nhi?t d? nguy<EA>n
                                                                                                                                ^
../SRC/uart.c(118): warning: invalid UTF-8 in comment [-Winvalid-utf8]
                                                                         uint8_t temperature_dec = rx_buf[11]; // Nhi?t d? ph?n th?p ph<E2>n
                                                                                                                                       ^
../SRC/uart.c(120): warning: invalid UTF-8 in comment [-Winvalid-utf8]
                                                                                // Ki?m tra d? ?m v<E0> nhi?t d?
                                                                                                   ^
../SRC/uart.c(121): warning: implicit conversion loses floating-point precision: 'double' to 'float' [-Wimplicit-float-conversion]
                                                                        float humidity = humidity_int + (humidity_dec / 10.0);
                                                                              ~~~~~~~~   ~~~~~~~~~~~~~^~~~~~~~~~~~~~~~~~~~~~~
../SRC/uart.c(122): warning: implicit conversion loses floating-point precision: 'double' to 'float' [-Wimplicit-float-conversion]
                                                                        float temperature = temperature_int + (temperature_dec / 10.0);
                                                                              ~~~~~~~~~~~   ~~~~~~~~~~~~~~~~^~~~~~~~~~~~~~~~~~~~~~~~~~
../SRC/uart.c(124): warning: invalid UTF-8 in comment [-Winvalid-utf8]
                                                                                // In th<F4>ng tin nh?n du?c ra UART2
                                                                                        ^
../SRC/uart.c(127): warning: implicit conversion increases floating-point precision: 'float' to 'double' [-Wdouble-promotion]
                                                                        snprintf(buffer, sizeof(buffer), "Humidity: %.1f, Temperature: %.1f",humidity, temperature);
                                                                        ~~~~~~~~                                                                       ^~~~~~~~~~~
../SRC/uart.c(127): warning: implicit conversion increases floating-point precision: 'float' to 'double' [-Wdouble-promotion]
                                                                        snprintf(buffer, sizeof(buffer), "Humidity: %.1f, Temperature: %.1f",humidity, temperature);
                                                                        ~~~~~~~~                                                             ^~~~~~~~
../SRC/uart.c(132): warning: invalid UTF-8 in comment [-Winvalid-utf8]
                    rx_idx = 0; // Ch? reset rx_idx sau khi x? l<FD> th<E0>nh c<F4>ng m?t frame
                                                                ^
../SRC/uart.c(132): warning: invalid UTF-8 in comment [-Winvalid-utf8]
                    rx_idx = 0; // Ch? reset rx_idx sau khi x? l<FD> th<E0>nh c<F4>ng m?t frame
                                                                       ^
../SRC/uart.c(132): warning: invalid UTF-8 in comment [-Winvalid-utf8]
                    rx_idx = 0; // Ch? reset rx_idx sau khi x? l<FD> th<E0>nh c<F4>ng m?t frame
                                                                               ^
../SRC/uart.c(111): warning: mixing declarations and code is incompatible with standards before C99 [-Wdeclaration-after-statement]
                   uint8_t port = rx_buf[6];        // C?ng truy?n d? li?u
                           ^
../SRC/uart.c(111): warning: unused variable 'port' [-Wunused-variable]
../SRC/uart.c(112): warning: unused variable 'sensor_type' [-Wunused-variable]
                                                                         uint8_t sensor_type = rx_buf[7]; // Lo?i c?m bi?n (DHT11)
                                                                                 ^
../SRC/uart.c(134): warning: invalid UTF-8 in comment [-Winvalid-utf8]
                    // N?u kh<F4>ng ph?i l<E0> frame h?p l?, reset buffer v<E0> b? qua
                             ^
../SRC/uart.c(134): warning: invalid UTF-8 in comment [-Winvalid-utf8]
                    // N?u kh<F4>ng ph?i l<E0> frame h?p l?, reset buffer v<E0> b? qua
                                          ^
../SRC/uart.c(134): warning: invalid UTF-8 in comment [-Winvalid-utf8]
                    // N?u kh<F4>ng ph?i l<E0> frame h?p l?, reset buffer v<E0> b? qua
                                                                           ^
../SRC/uart.c(88): warning: result of comparison of constant 256 with expression of type 'uint8_t' (aka 'unsigned char') is always true [-Wtautological-constant-out-of-range-compare]
        if (rx_idx < sizeof(rx_buf)) {
            ~~~~~~ ^ ~~~~~~~~~~~~~~
63 warnings generated.
compiling uart.c...
linking...
Program Size: Code=9944 RO-data=540 RW-data=0 ZI-data=1904  
".\Objects\uart.axf" - 0 Error(s), 63 Warning(s).

<h2>Software Packages used:</h2>

Package Vendor: ARM
                https://www.keil.com/pack/ARM.CMSIS.6.1.0.pack
                ARM.CMSIS.6.1.0
                CMSIS (Common Microcontroller Software Interface Standard)
   * Component: CORE Version: 6.1.0

Package Vendor: Keil
                https://www.keil.com/pack/Keil.STM32F1xx_DFP.2.4.1.pack
                Keil.STM32F1xx_DFP.2.4.1
                STMicroelectronics STM32F1 Series Device Support, Drivers and Examples
   * Component: GPIO Version: 1.3
   * Component: Startup Version: 1.0.0
   * Component: EXTI Version: 3.6.0
   * Component: Framework Version: 3.6.0
   * Component: GPIO Version: 3.6.0
   * Component: I2C Version: 3.6.0
   * Component: RCC Version: 3.6.0
   * Component: TIM Version: 3.6.0
   * Component: USART Version: 3.6.0

<h2>Collection of Component include folders:</h2>
  ./RTE/Device/STM32F103C8
  ./RTE/_UART
  C:/Users/Admin/AppData/Local/Arm/Packs/ARM/CMSIS/6.1.0/CMSIS/Core/Include
  C:/Users/Admin/AppData/Local/Arm/Packs/Keil/STM32F1xx_DFP/2.4.1/Device/Include
  C:/Users/Admin/AppData/Local/Arm/Packs/Keil/STM32F1xx_DFP/2.4.1/Device/StdPeriph_Driver/inc
  C:/Users/Admin/AppData/Local/Arm/Packs/Keil/STM32F1xx_DFP/2.4.1/RTE_Driver

<h2>Collection of Component Files used:</h2>

   * Component: ARM::CMSIS:CORE:6.1.0

   * Component: Keil::Device:GPIO:1.3
      Include file:  RTE_Driver/GPIO_STM32F10x.h
      Source file:   RTE_Driver/GPIO_STM32F10x.c

   * Component: Keil::Device:Startup:1.0.0
      Source file:   Device/Source/system_stm32f10x.c
      Include file:  RTE_Driver/Config/RTE_Device.h
      Source file:   Device/Source/ARM/startup_stm32f10x_md.s
      Source file:   Device/Source/ARM/STM32F1xx_OPT.s

   * Component: Keil::Device:StdPeriph Drivers:EXTI:3.6.0
      Source file:   Device/StdPeriph_Driver/src/stm32f10x_exti.c
      Include file:  Device/StdPeriph_Driver/inc/stm32f10x_exti.h

   * Component: Keil::Device:StdPeriph Drivers:Framework:3.6.0
      Source file:   Device/StdPeriph_Driver/src/misc.c
      Source file:   Device/StdPeriph_Driver/templates/stm32f10x_conf.h
      Include file:  Device/StdPeriph_Driver/inc/misc.h
      Include file:  Device/StdPeriph_Driver/templates/stm32f10x_it.h
      Source file:   Device/StdPeriph_Driver/templates/stm32f10x_it.c

   * Component: Keil::Device:StdPeriph Drivers:GPIO:3.6.0
      Source file:   Device/StdPeriph_Driver/src/stm32f10x_gpio.c
      Include file:  Device/StdPeriph_Driver/inc/stm32f10x_gpio.h

   * Component: Keil::Device:StdPeriph Drivers:I2C:3.6.0
      Include file:  Device/StdPeriph_Driver/inc/stm32f10x_i2c.h
      Source file:   Device/StdPeriph_Driver/src/stm32f10x_i2c.c

   * Component: Keil::Device:StdPeriph Drivers:RCC:3.6.0
      Source file:   Device/StdPeriph_Driver/src/stm32f10x_rcc.c
      Include file:  Device/StdPeriph_Driver/inc/stm32f10x_rcc.h

   * Component: Keil::Device:StdPeriph Drivers:TIM:3.6.0
      Source file:   Device/StdPeriph_Driver/src/stm32f10x_tim.c
      Include file:  Device/StdPeriph_Driver/inc/stm32f10x_tim.h

   * Component: Keil::Device:StdPeriph Drivers:USART:3.6.0
      Include file:  Device/StdPeriph_Driver/inc/stm32f10x_usart.h
      Source file:   Device/StdPeriph_Driver/src/stm32f10x_usart.c
Build Time Elapsed:  00:00:02
</pre>
</body>
</html>
